Archive member included to satisfy reference by file (symbol)

/opt/gcc-arm-none-eabi-10.3-2021.10/bin/../lib/gcc/arm-none-eabi/10.3.1/../../../../arm-none-eabi/lib/thumb/v7e-m+fp/hard/libc_nano.a(lib_a-errno.o)
                              CMakeFiles/freertos_ecspi_loopback.elf.dir/opt/SDK_2_12_1_MIMX8ML8xxxKZ/devices/MIMX8ML8/utilities/str/fsl_str.c.obj (__errno)
/opt/gcc-arm-none-eabi-10.3-2021.10/bin/../lib/gcc/arm-none-eabi/10.3.1/../../../../arm-none-eabi/lib/thumb/v7e-m+fp/hard/libc_nano.a(lib_a-exit.o)
                              /opt/gcc-arm-none-eabi-10.3-2021.10/bin/../lib/gcc/arm-none-eabi/10.3.1/../../../../arm-none-eabi/lib/thumb/v7e-m+fp/hard/crt0.o (exit)
/opt/gcc-arm-none-eabi-10.3-2021.10/bin/../lib/gcc/arm-none-eabi/10.3.1/../../../../arm-none-eabi/lib/thumb/v7e-m+fp/hard/libc_nano.a(lib_a-impure.o)
                              /opt/gcc-arm-none-eabi-10.3-2021.10/bin/../lib/gcc/arm-none-eabi/10.3.1/../../../../arm-none-eabi/lib/thumb/v7e-m+fp/hard/libc_nano.a(lib_a-exit.o) (_global_impure_ptr)
/opt/gcc-arm-none-eabi-10.3-2021.10/bin/../lib/gcc/arm-none-eabi/10.3.1/../../../../arm-none-eabi/lib/thumb/v7e-m+fp/hard/libc_nano.a(lib_a-init.o)
                              /opt/gcc-arm-none-eabi-10.3-2021.10/bin/../lib/gcc/arm-none-eabi/10.3.1/../../../../arm-none-eabi/lib/thumb/v7e-m+fp/hard/crt0.o (__libc_init_array)
/opt/gcc-arm-none-eabi-10.3-2021.10/bin/../lib/gcc/arm-none-eabi/10.3.1/../../../../arm-none-eabi/lib/thumb/v7e-m+fp/hard/libc_nano.a(lib_a-malloc.o)
                              CMakeFiles/freertos_ecspi_loopback.elf.dir/opt/SDK_2_12_1_MIMX8ML8xxxKZ/devices/MIMX8ML8/drivers/fsl_common.c.obj (malloc)
/opt/gcc-arm-none-eabi-10.3-2021.10/bin/../lib/gcc/arm-none-eabi/10.3.1/../../../../arm-none-eabi/lib/thumb/v7e-m+fp/hard/libc_nano.a(lib_a-memset.o)
                              /opt/gcc-arm-none-eabi-10.3-2021.10/bin/../lib/gcc/arm-none-eabi/10.3.1/../../../../arm-none-eabi/lib/thumb/v7e-m+fp/hard/crt0.o (memset)
/opt/gcc-arm-none-eabi-10.3-2021.10/bin/../lib/gcc/arm-none-eabi/10.3.1/../../../../arm-none-eabi/lib/thumb/v7e-m+fp/hard/libc_nano.a(lib_a-nano-freer.o)
                              /opt/gcc-arm-none-eabi-10.3-2021.10/bin/../lib/gcc/arm-none-eabi/10.3.1/../../../../arm-none-eabi/lib/thumb/v7e-m+fp/hard/libc_nano.a(lib_a-malloc.o) (_free_r)
/opt/gcc-arm-none-eabi-10.3-2021.10/bin/../lib/gcc/arm-none-eabi/10.3.1/../../../../arm-none-eabi/lib/thumb/v7e-m+fp/hard/libc_nano.a(lib_a-nano-mallocr.o)
                              /opt/gcc-arm-none-eabi-10.3-2021.10/bin/../lib/gcc/arm-none-eabi/10.3.1/../../../../arm-none-eabi/lib/thumb/v7e-m+fp/hard/libc_nano.a(lib_a-malloc.o) (_malloc_r)
/opt/gcc-arm-none-eabi-10.3-2021.10/bin/../lib/gcc/arm-none-eabi/10.3.1/../../../../arm-none-eabi/lib/thumb/v7e-m+fp/hard/libc_nano.a(lib_a-sbrkr.o)
                              /opt/gcc-arm-none-eabi-10.3-2021.10/bin/../lib/gcc/arm-none-eabi/10.3.1/../../../../arm-none-eabi/lib/thumb/v7e-m+fp/hard/libc_nano.a(lib_a-nano-mallocr.o) (_sbrk_r)
/opt/gcc-arm-none-eabi-10.3-2021.10/bin/../lib/gcc/arm-none-eabi/10.3.1/../../../../arm-none-eabi/lib/thumb/v7e-m+fp/hard/libc_nano.a(lib_a-strlen.o)
                              CMakeFiles/freertos_ecspi_loopback.elf.dir/opt/SDK_2_12_1_MIMX8ML8xxxKZ/devices/MIMX8ML8/utilities/str/fsl_str.c.obj (strlen)
/opt/gcc-arm-none-eabi-10.3-2021.10/bin/../lib/gcc/arm-none-eabi/10.3.1/../../../../arm-none-eabi/lib/thumb/v7e-m+fp/hard/libc_nano.a(lib_a-strtoul.o)
                              CMakeFiles/freertos_ecspi_loopback.elf.dir/opt/SDK_2_12_1_MIMX8ML8xxxKZ/devices/MIMX8ML8/utilities/str/fsl_str.c.obj (strtoul)
/opt/gcc-arm-none-eabi-10.3-2021.10/bin/../lib/gcc/arm-none-eabi/10.3.1/../../../../arm-none-eabi/lib/thumb/v7e-m+fp/hard/libc_nano.a(lib_a-ctype_.o)
                              /opt/gcc-arm-none-eabi-10.3-2021.10/bin/../lib/gcc/arm-none-eabi/10.3.1/../../../../arm-none-eabi/lib/thumb/v7e-m+fp/hard/libc_nano.a(lib_a-strtoul.o) (_ctype_)
/opt/gcc-arm-none-eabi-10.3-2021.10/bin/../lib/gcc/arm-none-eabi/10.3.1/../../../../arm-none-eabi/lib/thumb/v7e-m+fp/hard/libc_nano.a(lib_a-mlock.o)
                              /opt/gcc-arm-none-eabi-10.3-2021.10/bin/../lib/gcc/arm-none-eabi/10.3.1/../../../../arm-none-eabi/lib/thumb/v7e-m+fp/hard/libc_nano.a(lib_a-nano-freer.o) (__malloc_lock)
/opt/gcc-arm-none-eabi-10.3-2021.10/bin/../lib/gcc/arm-none-eabi/10.3.1/../../../../arm-none-eabi/lib/thumb/v7e-m+fp/hard/libc_nano.a(lib_a-reent.o)
                              /opt/gcc-arm-none-eabi-10.3-2021.10/bin/../lib/gcc/arm-none-eabi/10.3.1/../../../../arm-none-eabi/lib/thumb/v7e-m+fp/hard/libc_nano.a(lib_a-sbrkr.o) (errno)
/opt/gcc-arm-none-eabi-10.3-2021.10/bin/../lib/gcc/arm-none-eabi/10.3.1/../../../../arm-none-eabi/lib/thumb/v7e-m+fp/hard/libc_nano.a(lib_a-lock.o)
[...]
Memory Configuration

Name             Origin             Length             Attributes
m_interrupts     0x0000000080000000 0x0000000000000400 xr
m_text           0x0000000080000400 0x00000000001ffc00 xr
m_data           0x0000000080200000 0x0000000000200000 rw
m_data2          0x0000000080400000 0x0000000000c00000 rw
*default*        0x0000000000000000 0xffffffffffffffff

Linker script and memory map

LOAD /opt/gcc-arm-none-eabi-10.3-2021.10/bin/../lib/gcc/arm-none-eabi/10.3.1/thumb/v7e-m+fp/hard/crti.o
LOAD /opt/gcc-arm-none-eabi-10.3-2021.10/bin/../lib/gcc/arm-none-eabi/10.3.1/thumb/v7e-m+fp/hard/crtbegin.o
LOAD /opt/gcc-arm-none-eabi-10.3-2021.10/bin/../lib/gcc/arm-none-eabi/10.3.1/../../../../arm-none-eabi/lib/thumb/v7e-m+fp/hard/crt0.o
LOAD CMakeFiles/freertos_ecspi_loopback.elf.dir/opt/SDK_2_12_1_MIMX8ML8xxxKZ/boards/evkmimx8mp/rtos_examples/freertos_ecspi/ecspi_ili9341/freertos_ecspi_loopback.c.obj
LOAD CMakeFiles/freertos_ecspi_loopback.elf.dir/opt/SDK_2_12_1_MIMX8ML8xxxKZ/boards/evkmimx8mp/rtos_examples/freertos_ecspi/ecspi_ili9341/pin_mux.c.obj
LOAD CMakeFiles/freertos_ecspi_loopback.elf.dir/opt/SDK_2_12_1_MIMX8ML8xxxKZ/boards/evkmimx8mp/rtos_examples/freertos_ecspi/ecspi_ili9341/board.c.obj
LOAD CMakeFiles/freertos_ecspi_loopback.elf.dir/opt/SDK_2_12_1_MIMX8ML8xxxKZ/boards/evkmimx8mp/rtos_examples/freertos_ecspi/ecspi_ili9341/clock_config.c.obj
LOAD CMakeFiles/freertos_ecspi_loopback.elf.dir/opt/SDK_2_12_1_MIMX8ML8xxxKZ/devices/MIMX8ML8/drivers/fsl_clock.c.obj
LOAD CMakeFiles/freertos_ecspi_loopback.elf.dir/opt/SDK_2_12_1_MIMX8ML8xxxKZ/devices/MIMX8ML8/drivers/fsl_common.c.obj
LOAD CMakeFiles/freertos_ecspi_loopback.elf.dir/opt/SDK_2_12_1_MIMX8ML8xxxKZ/devices/MIMX8ML8/drivers/fsl_common_arm.c.obj
LOAD CMakeFiles/freertos_ecspi_loopback.elf.dir/opt/SDK_2_12_1_MIMX8ML8xxxKZ/devices/MIMX8ML8/drivers/fsl_mu.c.obj
LOAD CMakeFiles/freertos_ecspi_loopback.elf.dir/opt/SDK_2_12_1_MIMX8ML8xxxKZ/devices/MIMX8ML8/drivers/fsl_ecspi.c.obj
LOAD CMakeFiles/freertos_ecspi_loopback.elf.dir/opt/SDK_2_12_1_MIMX8ML8xxxKZ/devices/MIMX8ML8/drivers/fsl_ecspi_freertos.c.obj
LOAD CMakeFiles/freertos_ecspi_loopback.elf.dir/opt/SDK_2_12_1_MIMX8ML8xxxKZ/rtos/freertos/freertos_kernel/croutine.c.obj
LOAD CMakeFiles/freertos_ecspi_loopback.elf.dir/opt/SDK_2_12_1_MIMX8ML8xxxKZ/rtos/freertos/freertos_kernel/event_groups.c.obj
LOAD CMakeFiles/freertos_ecspi_loopback.elf.dir/opt/SDK_2_12_1_MIMX8ML8xxxKZ/rtos/freertos/freertos_kernel/list.c.obj
LOAD CMakeFiles/freertos_ecspi_loopback.elf.dir/opt/SDK_2_12_1_MIMX8ML8xxxKZ/rtos/freertos/freertos_kernel/portable/GCC/ARM_CM4F/port.c.obj
LOAD CMakeFiles/freertos_ecspi_loopback.elf.dir/opt/SDK_2_12_1_MIMX8ML8xxxKZ/rtos/freertos/freertos_kernel/queue.c.obj
LOAD CMakeFiles/freertos_ecspi_loopback.elf.dir/opt/SDK_2_12_1_MIMX8ML8xxxKZ/rtos/freertos/freertos_kernel/stream_buffer.c.obj
LOAD CMakeFiles/freertos_ecspi_loopback.elf.dir/opt/SDK_2_12_1_MIMX8ML8xxxKZ/rtos/freertos/freertos_kernel/tasks.c.obj
LOAD CMakeFiles/freertos_ecspi_loopback.elf.dir/opt/SDK_2_12_1_MIMX8ML8xxxKZ/rtos/freertos/freertos_kernel/timers.c.obj
LOAD CMakeFiles/freertos_ecspi_loopback.elf.dir/opt/SDK_2_12_1_MIMX8ML8xxxKZ/rtos/freertos/freertos_kernel/portable/MemMang/heap_4.c.obj
LOAD CMakeFiles/freertos_ecspi_loopback.elf.dir/opt/SDK_2_12_1_MIMX8ML8xxxKZ/devices/MIMX8ML8/drivers/fsl_rdc.c.obj
LOAD CMakeFiles/freertos_ecspi_loopback.elf.dir/opt/SDK_2_12_1_MIMX8ML8xxxKZ/devices/MIMX8ML8/drivers/fsl_audiomix.c.obj
LOAD CMakeFiles/freertos_ecspi_loopback.elf.dir/opt/SDK_2_12_1_MIMX8ML8xxxKZ/devices/MIMX8ML8/utilities/str/fsl_str.c.obj
LOAD CMakeFiles/freertos_ecspi_loopback.elf.dir/opt/SDK_2_12_1_MIMX8ML8xxxKZ/devices/MIMX8ML8/utilities/debug_console/fsl_debug_console.c.obj
LOAD CMakeFiles/freertos_ecspi_loopback.elf.dir/opt/SDK_2_12_1_MIMX8ML8xxxKZ/components/serial_manager/fsl_component_serial_manager.c.obj
LOAD CMakeFiles/freertos_ecspi_loopback.elf.dir/opt/SDK_2_12_1_MIMX8ML8xxxKZ/components/serial_manager/fsl_component_serial_port_uart.c.obj
LOAD CMakeFiles/freertos_ecspi_loopback.elf.dir/opt/SDK_2_12_1_MIMX8ML8xxxKZ/devices/MIMX8ML8/drivers/fsl_uart.c.obj
LOAD CMakeFiles/freertos_ecspi_loopback.elf.dir/opt/SDK_2_12_1_MIMX8ML8xxxKZ/components/uart/fsl_adapter_iuart.c.obj
LOAD CMakeFiles/freertos_ecspi_loopback.elf.dir/opt/SDK_2_12_1_MIMX8ML8xxxKZ/components/lists/fsl_component_generic_list.c.obj
LOAD CMakeFiles/freertos_ecspi_loopback.elf.dir/opt/SDK_2_12_1_MIMX8ML8xxxKZ/devices/MIMX8ML8/gcc/startup_MIMX8ML8_cm7.S.obj
LOAD CMakeFiles/freertos_ecspi_loopback.elf.dir/opt/SDK_2_12_1_MIMX8ML8xxxKZ/devices/MIMX8ML8/system_MIMX8ML8_cm7.c.obj
LOAD CMakeFiles/freertos_ecspi_loopback.elf.dir/opt/SDK_2_12_1_MIMX8ML8xxxKZ/devices/MIMX8ML8/utilities/fsl_assert.c.obj
LOAD CMakeFiles/freertos_ecspi_loopback.elf.dir/opt/SDK_2_12_1_MIMX8ML8xxxKZ/devices/MIMX8ML8/utilities/fsl_sbrk.c.obj
LOAD CMakeFiles/freertos_ecspi_loopback.elf.dir/opt/SDK_2_12_1_MIMX8ML8xxxKZ/devices/MIMX8ML8/utilities/fsl_memcpy.S.obj
LOAD CMakeFiles/freertos_ecspi_loopback.elf.dir/opt/SDK_2_12_1_MIMX8ML8xxxKZ/devices/MIMX8ML8/drivers/fsl_gpio.c.obj
START GROUP
LOAD /opt/gcc-arm-none-eabi-10.3-2021.10/bin/../lib/gcc/arm-none-eabi/10.3.1/../../../../arm-none-eabi/lib/thumb/v7e-m+fp/hard/libm.a
LOAD /opt/gcc-arm-none-eabi-10.3-2021.10/bin/../lib/gcc/arm-none-eabi/10.3.1/../../../../arm-none-eabi/lib/thumb/v7e-m+fp/hard/libc_nano.a
LOAD /opt/gcc-arm-none-eabi-10.3-2021.10/bin/../lib/gcc/arm-none-eabi/10.3.1/thumb/v7e-m+fp/hard/libgcc.a
LOAD /opt/gcc-arm-none-eabi-10.3-2021.10/bin/../lib/gcc/arm-none-eabi/10.3.1/../../../../arm-none-eabi/lib/thumb/v7e-m+fp/hard/libnosys.a
LOAD lib/lvgl
LOAD lib/lv_drivers
END GROUP
LOAD lib/lvgl
START GROUP
LOAD /opt/gcc-arm-none-eabi-10.3-2021.10/bin/../lib/gcc/arm-none-eabi/10.3.1/thumb/v7e-m+fp/hard/libgcc.a
LOAD /opt/gcc-arm-none-eabi-10.3-2021.10/bin/../lib/gcc/arm-none-eabi/10.3.1/../../../../arm-none-eabi/lib/thumb/v7e-m+fp/hard/libc_nano.a
END GROUP
START GROUP
LOAD /opt/gcc-arm-none-eabi-10.3-2021.10/bin/../lib/gcc/arm-none-eabi/10.3.1/thumb/v7e-m+fp/hard/libgcc.a
LOAD /opt/gcc-arm-none-eabi-10.3-2021.10/bin/../lib/gcc/arm-none-eabi/10.3.1/../../../../arm-none-eabi/lib/thumb/v7e-m+fp/hard/libc_nano.a
LOAD /opt/gcc-arm-none-eabi-10.3-2021.10/bin/../lib/gcc/arm-none-eabi/10.3.1/../../../../arm-none-eabi/lib/thumb/v7e-m+fp/hard/libnosys.a
END GROUP
START GROUP
LOAD /opt/gcc-arm-none-eabi-10.3-2021.10/bin/../lib/gcc/arm-none-eabi/10.3.1/thumb/v7e-m+fp/hard/libgcc.a
LOAD /opt/gcc-arm-none-eabi-10.3-2021.10/bin/../lib/gcc/arm-none-eabi/10.3.1/../../../../arm-none-eabi/lib/thumb/v7e-m+fp/hard/libc_nano.a
LOAD /opt/gcc-arm-none-eabi-10.3-2021.10/bin/../lib/gcc/arm-none-eabi/10.3.1/../../../../arm-none-eabi/lib/thumb/v7e-m+fp/hard/libnosys.a
END GROUP
LOAD /opt/gcc-arm-none-eabi-10.3-2021.10/bin/../lib/gcc/arm-none-eabi/10.3.1/thumb/v7e-m+fp/hard/crtend.o
LOAD /opt/gcc-arm-none-eabi-10.3-2021.10/bin/../lib/gcc/arm-none-eabi/10.3.1/thumb/v7e-m+fp/hard/crtn.o
                0x0000000000000400                HEAP_SIZE = DEFINED (__heap_size__)?__heap_size__:0x400
                0x0000000000000400                STACK_SIZE = DEFINED (__stack_size__)?__stack_size__:0x400

.interrupts     0x0000000080000000      0x2a8
                0x0000000080000000                __VECTOR_TABLE = .
                0x0000000080000000                __Vectors = .
                0x0000000080000000                . = ALIGN (0x4)
 *(.isr_vector)
 .isr_vector    0x0000000080000000      0x2a8 CMakeFiles/freertos_ecspi_loopback.elf.dir/opt/SDK_2_12_1_MIMX8ML8xxxKZ/devices/MIMX8ML8/gcc/startup_MIMX8ML8_cm7.S.obj
                0x0000000080000000                __isr_vector
                0x00000000800002a8                . = ALIGN (0x4)

.resource_table
                0x0000000080000400        0x0
                0x0000000080000400                . = ALIGN (0x8)
 *(.resource_table)
                0x0000000080000400                . = ALIGN (0x8)

.text           0x0000000080000400    0x2ab68
                0x0000000080000400                . = ALIGN (0x4)
 *(.text)
 .text          0x0000000080000400       0x40 /opt/gcc-arm-none-eabi-10.3-2021.10/bin/../lib/gcc/arm-none-eabi/10.3.1/thumb/v7e-m+fp/hard/crtbegin.o
 .text          0x0000000080000440       0x7c /opt/gcc-arm-none-eabi-10.3-2021.10/bin/../lib/gcc/arm-none-eabi/10.3.1/../../../../arm-none-eabi/lib/thumb/v7e-m+fp/hard/crt0.o
                0x0000000080000440                _stack_init
                0x0000000080000448                _mainCRTStartup
                0x0000000080000448                _start
 .text          0x00000000800004bc      0x588 CMakeFiles/freertos_ecspi_loopback.elf.dir/opt/SDK_2_12_1_MIMX8ML8xxxKZ/devices/MIMX8ML8/gcc/startup_MIMX8ML8_cm7.S.obj
                0x00000000800004bc                Reset_Handler
                0x0000000080000548                VPU_G2_DriverIRQHandler
                0x0000000080000548                PWM2_DriverIRQHandler
                0x0000000080000548                CAAM_ERROR_DriverIRQHandler
                0x0000000080000548                DebugMon_Handler
                0x0000000080000548                EDMA1_0_15_DriverIRQHandler
                0x0000000080000548                CPU_Error_AXI_DriverIRQHandler
                0x0000000080000548                BCH_DriverIRQHandler
                0x0000000080000548                VPU_G1_DriverIRQHandler
                0x0000000080000548                SNVS_Consolidated_DriverIRQHandler
                0x0000000080000548                MIPI_CSI1_DriverIRQHandler
                0x0000000080000548                MECC_ERR_DriverIRQHandler
                0x0000000080000548                PWM4_DriverIRQHandler
                0x0000000080000548                LCDIF1_DriverIRQHandler
                0x0000000080000548                RDC_DriverIRQHandler
                0x0000000080000548                GPIO3_Combined_0_15_DriverIRQHandler
                0x0000000080000548                USB2_WAKEUP_DriverIRQHandler
                0x0000000080000548                DDR_ERR_DriverIRQHandler
                0x0000000080000548                I2S2_DriverIRQHandler
                0x0000000080000548                I2C3_DriverIRQHandler
                0x0000000080000548                HS_CP0_DriverIRQHandler
                0x0000000080000548                GPMI_DriverIRQHandler
                0x0000000080000548                MU3_AUDIO_DriverIRQHandler
                0x0000000080000548                ISI_DriverIRQHandler
                0x0000000080000548                I2C2_DriverIRQHandler
                0x0000000080000548                ENET_QOS_PMT_DriverIRQHandler
                0x0000000080000548                MIPI_CSI2_DriverIRQHandler
                0x0000000080000548                GPIO2_Combined_16_31_DriverIRQHandler
                0x0000000080000548                PERFMON1_DriverIRQHandler
                0x0000000080000548                UsageFault_Handler
                0x0000000080000548                SCTR_IRQ0_DriverIRQHandler
                0x0000000080000548                CAAM_IRQ0_DriverIRQHandler
                0x0000000080000548                DDR_PerformanceMonitor_DriverIRQHandler
                0x0000000080000548                DefaultISR
                0x0000000080000548                CPU_PerformanceUnit_DriverIRQHandler
                0x0000000080000548                CAN_FD1_DriverIRQHandler
                0x0000000080000548                CPU_Error_L2RAM_DriverIRQHandler
                0x0000000080000548                I2S3_DriverIRQHandler
                0x0000000080000548                SDMA2_DriverIRQHandler
                0x0000000080000548                SRC_DriverIRQHandler
                0x0000000080000548                GPIO1_INT4_DriverIRQHandler
                0x0000000080000548                HS_CP1_DriverIRQHandler
                0x0000000080000548                USDHC1_DriverIRQHandler
                0x0000000080000548                WDOG1_DriverIRQHandler
                0x0000000080000548                SDMA1_DriverIRQHandler
                0x0000000080000548                GPIO1_Combined_16_31_DriverIRQHandler
                0x0000000080000548                GPIO1_INT7_DriverIRQHandler
                0x0000000080000548                MIPI_DSI_DriverIRQHandler
                0x0000000080000548                TZASC_DriverIRQHandler
                0x0000000080000548                GPIO5_Combined_0_15_DriverIRQHandler
                0x0000000080000548                GPIO1_INT0_DriverIRQHandler
                0x0000000080000548                GPIO1_INT2_DriverIRQHandler
                0x0000000080000548                GPU2D_DriverIRQHandler
                0x0000000080000548                RTIC_DriverIRQHandler
                0x0000000080000548                CAN_FD1_ERROR_DriverIRQHandler
                0x0000000080000548                EDMA1_ERR_DriverIRQHandler
                0x0000000080000548                GPT2_DriverIRQHandler
                0x0000000080000548                SCTR_IRQ1_DriverIRQHandler
                0x0000000080000548                VPU_DriverIRQHandler
                0x0000000080000548                I2S1_DriverIRQHandler
                0x0000000080000548                SNVS_Security_DriverIRQHandler
                0x0000000080000548                I2S7_DriverIRQHandler
                0x0000000080000548                AUD2HTX_DriverIRQHandler
                0x0000000080000548                PCIE_EDMA_DriverIRQHandler
                0x0000000080000548                PDM_ERROR_DriverIRQHandler
                0x0000000080000548                I2S56_DriverIRQHandler
                0x0000000080000548                ML_DriverIRQHandler
                0x0000000080000548                SJC_DriverIRQHandler
                0x0000000080000548                CAAM_IRQ1_DriverIRQHandler
                0x0000000080000548                PCIE_CTRL1_2_DriverIRQHandler
                0x0000000080000548                PERFMON2_DriverIRQHandler
                0x0000000080000548                GPT6_DriverIRQHandler
                0x0000000080000548                EDMA1_16_31_DriverIRQHandler
                0x0000000080000548                GPT5_DriverIRQHandler
                0x0000000080000548                DDR_DriverIRQHandler
                0x0000000080000548                GPT1_DriverIRQHandler
                0x0000000080000548                CAAM_IRQ2_DriverIRQHandler
                0x0000000080000548                SNVS_DriverIRQHandler
                0x0000000080000548                CSU_DriverIRQHandler
                0x0000000080000548                USDHC3_DriverIRQHandler
                0x0000000080000548                GPIO1_INT5_DriverIRQHandler
                0x0000000080000548                QOS_DriverIRQHandler
                0x0000000080000548                HDMI_TX_DriverIRQHandler
                0x0000000080000548                FlexSPI_DriverIRQHandler
                0x0000000080000548                DEWARP_DriverIRQHandler
                0x0000000080000548                GPIO1_Combined_0_15_DriverIRQHandler
                0x0000000080000548                USDHC2_DriverIRQHandler
                0x0000000080000548                WDOG3_DriverIRQHandler
                0x0000000080000548                MemManage_Handler
                0x0000000080000548                USB1_WAKEUP_DriverIRQHandler
                0x0000000080000548                PDM_EVENT_DriverIRQHandler
                0x0000000080000548                I2C4_DriverIRQHandler
                0x0000000080000548                USB1_DriverIRQHandler
                0x0000000080000548                GPIO3_Combined_16_31_DriverIRQHandler
                0x0000000080000548                AUDIO_XCVR1_DriverIRQHandler
                0x0000000080000548                PWM1_DriverIRQHandler
                0x0000000080000548                MU3_M7_DriverIRQHandler
                0x0000000080000548                PCIE_CTRL1_3_DriverIRQHandler
                0x0000000080000548                GPT4_DriverIRQHandler
                0x0000000080000548                MU2_A53_DriverIRQHandler
                0x0000000080000548                I2C1_DriverIRQHandler
                0x0000000080000548                AUDIO_XCVR_DriverIRQHandler
                0x0000000080000548                SDMA3_DriverIRQHandler
                0x0000000080000548                CM7_CTI_DriverIRQHandler
                0x0000000080000548                DAP_DriverIRQHandler
                0x0000000080000548                Reserved16_DriverIRQHandler
                0x0000000080000548                ENET_QOS_DriverIRQHandler
                0x0000000080000548                I2C6_DriverIRQHandler
                0x0000000080000548                ENET1_DriverIRQHandler
                0x0000000080000548                ISP2_DriverIRQHandler
                0x0000000080000548                GPIO1_INT3_DriverIRQHandler
                0x0000000080000548                MECC_DriverIRQHandler
                0x0000000080000548                MECC_S_DriverIRQHandler
                0x0000000080000548                PCIE_CTRL1_1_DriverIRQHandler
                0x0000000080000548                APBHDMA_DriverIRQHandler
                0x0000000080000548                ENET1_MAC0_Rx_Tx_Done1_DriverIRQHandler
                0x0000000080000548                GPC_DriverIRQHandler
                0x0000000080000548                GPIO2_Combined_0_15_DriverIRQHandler
                0x0000000080000548                GPT3_DriverIRQHandler
                0x0000000080000548                CAN_FD2_DriverIRQHandler
                0x0000000080000548                CCM_IRQ2_DriverIRQHandler
                0x0000000080000548                PCIE_CTRL1_0_DriverIRQHandler
                0x0000000080000548                LCDIF2_DriverIRQHandler
                0x0000000080000548                WDOG2_DriverIRQHandler
                0x0000000080000548                ANAMIX_DriverIRQHandler
                0x0000000080000548                MECC_S_ERR_DriverIRQHandler
                0x0000000080000548                USB2_DriverIRQHandler
                0x0000000080000548                GPIO4_Combined_0_15_DriverIRQHandler
                0x0000000080000548                I2C5_DriverIRQHandler
                0x0000000080000548                GPIO4_Combined_16_31_DriverIRQHandler
                0x0000000080000548                ISP1_DriverIRQHandler
                0x0000000080000548                GPIO5_Combined_16_31_DriverIRQHandler
                0x0000000080000548                PCIE_CTRL1_ERR_DriverIRQHandler
                0x0000000080000548                ASRC_DriverIRQHandler
                0x0000000080000548                CAN_FD2_ERROR_DriverIRQHandler
                0x0000000080000548                BusFault_Handler
                0x0000000080000548                ENET1_1588_Timer_DriverIRQHandler
                0x0000000080000548                GPU3D_DriverIRQHandler
                0x0000000080000548                PDM_HWVAD_ERROR_DriverIRQHandler
                0x0000000080000548                PCIE_CTRL1_DriverIRQHandler
                0x0000000080000548                CCM_IRQ1_DriverIRQHandler
                0x0000000080000548                ENET1_MAC0_Rx_Tx_Done2_DriverIRQHandler
                0x0000000080000548                CPU_CTI_Trigger_DriverIRQHandler
                0x0000000080000548                PDM_HWVAD_EVENT_DriverIRQHandler
                0x0000000080000548                MU1_M7_DriverIRQHandler
                0x0000000080000548                MU2_AUDIO_DriverIRQHandler
                0x0000000080000548                PWM3_DriverIRQHandler
                0x0000000080000548                AUDIO_XCVR0_DriverIRQHandler
                0x0000000080000548                GPIO1_INT6_DriverIRQHandler
                0x0000000080000548                GPIO1_INT1_DriverIRQHandler
                0x0000000080000548                ISI_CH1_DriverIRQHandler
                0x0000000080000548                SRC_Combined_DriverIRQHandler
                0x0000000080000548                MU1_A53_DriverIRQHandler
                0x000000008000054c                NMI_Handler
                0x0000000080000550                HardFault_Handler
                0x0000000080000560                Reserved16_IRQHandler
                0x0000000080000564                DAP_IRQHandler
                0x0000000080000568                SDMA1_IRQHandler
                0x000000008000056c                GPU3D_IRQHandler
                0x0000000080000570                SNVS_IRQHandler
                0x0000000080000574                LCDIF1_IRQHandler
                0x0000000080000578                LCDIF2_IRQHandler
                0x000000008000057c                VPU_G1_IRQHandler
                0x0000000080000580                VPU_G2_IRQHandler
                0x0000000080000584                QOS_IRQHandler
                0x0000000080000588                WDOG3_IRQHandler
                0x000000008000058c                HS_CP1_IRQHandler
                0x0000000080000590                APBHDMA_IRQHandler
                0x0000000080000594                ML_IRQHandler
                0x0000000080000598                BCH_IRQHandler
                0x000000008000059c                GPMI_IRQHandler
                0x00000000800005a0                ISI_IRQHandler
                0x00000000800005a4                MIPI_CSI1_IRQHandler
                0x00000000800005a8                MIPI_DSI_IRQHandler
                0x00000000800005ac                SNVS_Consolidated_IRQHandler
                0x00000000800005b0                SNVS_Security_IRQHandler
                0x00000000800005b4                CSU_IRQHandler
                0x00000000800005b8                USDHC1_IRQHandler
                0x00000000800005bc                USDHC2_IRQHandler
                0x00000000800005c0                USDHC3_IRQHandler
                0x00000000800005c4                GPU2D_IRQHandler
                0x00000000800005c8                UART1_IRQHandler
                0x00000000800005cc                UART2_IRQHandler
                0x00000000800005d0                UART3_IRQHandler
                0x00000000800005d4                UART4_IRQHandler
                0x00000000800005d8                VPU_IRQHandler
                0x00000000800005dc                ECSPI1_IRQHandler
                0x00000000800005e0                ECSPI2_IRQHandler
                0x00000000800005e4                ECSPI3_IRQHandler
                0x00000000800005e8                SDMA3_IRQHandler
                0x00000000800005ec                I2C1_IRQHandler
                0x00000000800005f0                I2C2_IRQHandler
                0x00000000800005f4                I2C3_IRQHandler
                0x00000000800005f8                I2C4_IRQHandler
                0x00000000800005fc                RDC_IRQHandler
                0x0000000080000600                USB1_IRQHandler
                0x0000000080000604                USB2_IRQHandler
                0x0000000080000608                ISI_CH1_IRQHandler
                0x000000008000060c                HDMI_TX_IRQHandler
                0x0000000080000610                PDM_HWVAD_EVENT_IRQHandler
                0x0000000080000614                PDM_HWVAD_ERROR_IRQHandler
                0x0000000080000618                GPT6_IRQHandler
                0x000000008000061c                SCTR_IRQ0_IRQHandler
                0x0000000080000620                SCTR_IRQ1_IRQHandler
                0x0000000080000624                ANAMIX_IRQHandler
                0x0000000080000628                I2S3_IRQHandler
                0x000000008000062c                GPT5_IRQHandler
                0x0000000080000630                GPT4_IRQHandler
                0x0000000080000634                GPT3_IRQHandler
                0x0000000080000638                GPT2_IRQHandler
                0x000000008000063c                GPT1_IRQHandler
                0x0000000080000640                GPIO1_INT7_IRQHandler
                0x0000000080000644                GPIO1_INT6_IRQHandler
                0x0000000080000648                GPIO1_INT5_IRQHandler
                0x000000008000064c                GPIO1_INT4_IRQHandler
                0x0000000080000650                GPIO1_INT3_IRQHandler
                0x0000000080000654                GPIO1_INT2_IRQHandler
                0x0000000080000658                GPIO1_INT1_IRQHandler
                0x000000008000065c                GPIO1_INT0_IRQHandler
                0x0000000080000660                GPIO1_Combined_0_15_IRQHandler
                0x0000000080000664                GPIO1_Combined_16_31_IRQHandler
                0x0000000080000668                GPIO2_Combined_0_15_IRQHandler
                0x000000008000066c                GPIO2_Combined_16_31_IRQHandler
                0x0000000080000670                GPIO3_Combined_0_15_IRQHandler
                0x0000000080000674                GPIO3_Combined_16_31_IRQHandler
                0x0000000080000678                GPIO4_Combined_0_15_IRQHandler
                0x000000008000067c                GPIO4_Combined_16_31_IRQHandler
                0x0000000080000680                GPIO5_Combined_0_15_IRQHandler
                0x0000000080000684                GPIO5_Combined_16_31_IRQHandler
                0x0000000080000688                ISP1_IRQHandler
                0x000000008000068c                ISP2_IRQHandler
                0x0000000080000690                I2C5_IRQHandler
                0x0000000080000694                I2C6_IRQHandler
                0x0000000080000698                WDOG1_IRQHandler
                0x000000008000069c                WDOG2_IRQHandler
                0x00000000800006a0                MIPI_CSI2_IRQHandler
                0x00000000800006a4                PWM1_IRQHandler
                0x00000000800006a8                PWM2_IRQHandler
                0x00000000800006ac                PWM3_IRQHandler
                0x00000000800006b0                PWM4_IRQHandler
                0x00000000800006b4                CCM_IRQ1_IRQHandler
                0x00000000800006b8                CCM_IRQ2_IRQHandler
                0x00000000800006bc                GPC_IRQHandler
                0x00000000800006c0                MU1_A53_IRQHandler
                0x00000000800006c4                SRC_IRQHandler
                0x00000000800006c8                I2S56_IRQHandler
                0x00000000800006cc                RTIC_IRQHandler
                0x00000000800006d0                CPU_PerformanceUnit_IRQHandler
                0x00000000800006d4                CPU_CTI_Trigger_IRQHandler
                0x00000000800006d8                SRC_Combined_IRQHandler
                0x00000000800006dc                I2S1_IRQHandler
                0x00000000800006e0                I2S2_IRQHandler
                0x00000000800006e4                MU1_M7_IRQHandler
                0x00000000800006e8                DDR_PerformanceMonitor_IRQHandler
                0x00000000800006ec                DDR_IRQHandler
                0x00000000800006f0                DEWARP_IRQHandler
                0x00000000800006f4                CPU_Error_AXI_IRQHandler
                0x00000000800006f8                CPU_Error_L2RAM_IRQHandler
                0x00000000800006fc                SDMA2_IRQHandler
                0x0000000080000700                SJC_IRQHandler
                0x0000000080000704                CAAM_IRQ0_IRQHandler
                0x0000000080000708                CAAM_IRQ1_IRQHandler
                0x000000008000070c                FlexSPI_IRQHandler
                0x0000000080000710                TZASC_IRQHandler
                0x0000000080000714                PDM_EVENT_IRQHandler
                0x0000000080000718                PDM_ERROR_IRQHandler
                0x000000008000071c                I2S7_IRQHandler
                0x0000000080000720                PERFMON1_IRQHandler
                0x0000000080000724                PERFMON2_IRQHandler
                0x0000000080000728                CAAM_IRQ2_IRQHandler
                0x000000008000072c                CAAM_ERROR_IRQHandler
                0x0000000080000730                HS_CP0_IRQHandler
                0x0000000080000734                CM7_CTI_IRQHandler
                0x0000000080000738                ENET1_MAC0_Rx_Tx_Done1_IRQHandler
                0x000000008000073c                ENET1_MAC0_Rx_Tx_Done2_IRQHandler
                0x0000000080000740                ENET1_IRQHandler
                0x0000000080000744                ENET1_1588_Timer_IRQHandler
                0x0000000080000748                ASRC_IRQHandler
                0x000000008000074c                PCIE_CTRL1_0_IRQHandler
                0x0000000080000750                PCIE_CTRL1_1_IRQHandler
                0x0000000080000754                PCIE_CTRL1_2_IRQHandler
                0x0000000080000758                PCIE_CTRL1_3_IRQHandler
                0x000000008000075c                PCIE_EDMA_IRQHandler
                0x0000000080000760                AUDIO_XCVR0_IRQHandler
                0x0000000080000764                AUDIO_XCVR1_IRQHandler
                0x0000000080000768                AUD2HTX_IRQHandler
                0x000000008000076c                EDMA1_ERR_IRQHandler
                0x0000000080000770                EDMA1_0_15_IRQHandler
                0x0000000080000774                EDMA1_16_31_IRQHandler
                0x0000000080000778                ENET_QOS_PMT_IRQHandler
                0x000000008000077c                ENET_QOS_IRQHandler
                0x0000000080000780                MU2_A53_IRQHandler
                0x0000000080000784                MU2_AUDIO_IRQHandler
                0x0000000080000788                MU3_M7_IRQHandler
                0x000000008000078c                MU3_AUDIO_IRQHandler
                0x0000000080000790                PCIE_CTRL1_IRQHandler
                0x0000000080000794                PCIE_CTRL1_ERR_IRQHandler
                0x0000000080000798                CAN_FD1_IRQHandler
                0x000000008000079c                CAN_FD1_ERROR_IRQHandler
                0x00000000800007a0                CAN_FD2_IRQHandler
                0x00000000800007a4                CAN_FD2_ERROR_IRQHandler
                0x00000000800007a8                AUDIO_XCVR_IRQHandler
                0x00000000800007ac                DDR_ERR_IRQHandler
                0x00000000800007b0                USB1_WAKEUP_IRQHandler
                0x00000000800007b4                USB2_WAKEUP_IRQHandler
                0x00000000800007b8                MECC_IRQHandler
                0x00000000800007bc                MECC_ERR_IRQHandler
                0x00000000800007c0                MECC_S_IRQHandler
                0x00000000800007c4                MECC_S_ERR_IRQHandler
 .text          0x0000000080000a44       0xa0 CMakeFiles/freertos_ecspi_loopback.elf.dir/opt/SDK_2_12_1_MIMX8ML8xxxKZ/devices/MIMX8ML8/utilities/fsl_memcpy.S.obj
                0x0000000080000a44                memcpy
 .text          0x0000000080000ae4       0x10 /opt/gcc-arm-none-eabi-10.3-2021.10/bin/../lib/gcc/arm-none-eabi/10.3.1/../../../../arm-none-eabi/lib/thumb/v7e-m+fp/hard/libc_nano.a(lib_a-strlen.o)
                0x0000000080000ae4                strlen
 .text          0x0000000080000af4       0x30 /opt/gcc-arm-none-eabi-10.3-2021.10/bin/../lib/gcc/arm-none-eabi/10.3.1/thumb/v7e-m+fp/hard/libgcc.a(_aeabi_uldivmod.o)
                0x0000000080000af4                __aeabi_uldivmod
 .text          0x0000000080000b24      0x2d0 /opt/gcc-arm-none-eabi-10.3-2021.10/bin/../lib/gcc/arm-none-eabi/10.3.1/thumb/v7e-m+fp/hard/libgcc.a(_udivmoddi4.o)
                0x0000000080000b24                __udivmoddi4
 .text          0x0000000080000df4        0x4 /opt/gcc-arm-none-eabi-10.3-2021.10/bin/../lib/gcc/arm-none-eabi/10.3.1/thumb/v7e-m+fp/hard/libgcc.a(_dvmd_tls.o)
                0x0000000080000df4                __aeabi_ldiv0
                0x0000000080000df4                __aeabi_idiv0
 .text          0x0000000080000df8       0x14 /opt/gcc-arm-none-eabi-10.3-2021.10/bin/../lib/gcc/arm-none-eabi/10.3.1/../../../../arm-none-eabi/lib/thumb/v7e-m+fp/hard/libc_nano.a(lib_a-strcmp.o)
                0x0000000080000df8                strcmp
 *(.text*)
 .text.set_temp
                0x0000000080000e0c        0x6 CMakeFiles/freertos_ecspi_loopback.elf.dir/opt/SDK_2_12_1_MIMX8ML8xxxKZ/boards/evkmimx8mp/rtos_examples/freertos_ecspi/ecspi_ili9341/freertos_ecspi_loopback.c.obj
 *fill*         0x0000000080000e12        0x2 
 .text.ecspi_task
                0x0000000080000e14       0x8c CMakeFiles/freertos_ecspi_loopback.elf.dir/opt/SDK_2_12_1_MIMX8ML8xxxKZ/boards/evkmimx8mp/rtos_examples/freertos_ecspi/ecspi_ili9341/freertos_ecspi_loopback.c.obj
 .text.init_task
                0x0000000080000ea0      0x138 CMakeFiles/freertos_ecspi_loopback.elf.dir/opt/SDK_2_12_1_MIMX8ML8xxxKZ/boards/evkmimx8mp/rtos_examples/freertos_ecspi/ecspi_ili9341/freertos_ecspi_loopback.c.obj
 .text.lv_task_hander_task
                0x0000000080000fd8       0x24 CMakeFiles/freertos_ecspi_loopback.elf.dir/opt/SDK_2_12_1_MIMX8ML8xxxKZ/boards/evkmimx8mp/rtos_examples/freertos_ecspi/ecspi_ili9341/freertos_ecspi_loopback.c.obj
 .text.lv_diplay_cmd_data
                0x0000000080000ffc       0x10 CMakeFiles/freertos_ecspi_loopback.elf.dir/opt/SDK_2_12_1_MIMX8ML8xxxKZ/boards/evkmimx8mp/rtos_examples/freertos_ecspi/ecspi_ili9341/freertos_ecspi_loopback.c.obj
                0x0000000080000ffc                lv_diplay_cmd_data
 .text.lv_diplay_reset
                0x000000008000100c       0x10 CMakeFiles/freertos_ecspi_loopback.elf.dir/opt/SDK_2_12_1_MIMX8ML8xxxKZ/boards/evkmimx8mp/rtos_examples/freertos_ecspi/ecspi_ili9341/freertos_ecspi_loopback.c.obj
                0x000000008000100c                lv_diplay_reset
 .text.LVGL_DELAY_MS
                0x000000008000101c        0x4 CMakeFiles/freertos_ecspi_loopback.elf.dir/opt/SDK_2_12_1_MIMX8ML8xxxKZ/boards/evkmimx8mp/rtos_examples/freertos_ecspi/ecspi_ili9341/freertos_ecspi_loopback.c.obj
                0x000000008000101c                LVGL_DELAY_MS
 .text.spi_transaction_one_byte
                0x0000000080001020       0x2c CMakeFiles/freertos_ecspi_loopback.elf.dir/opt/SDK_2_12_1_MIMX8ML8xxxKZ/boards/evkmimx8mp/rtos_examples/freertos_ecspi/ecspi_ili9341/freertos_ecspi_loopback.c.obj
                0x0000000080001020                spi_transaction_one_byte
 .text.spi_transaction_array
                0x000000008000104c       0x44 CMakeFiles/freertos_ecspi_loopback.elf.dir/opt/SDK_2_12_1_MIMX8ML8xxxKZ/boards/evkmimx8mp/rtos_examples/freertos_ecspi/ecspi_ili9341/freertos_ecspi_loopback.c.obj
                0x000000008000104c                spi_transaction_array
 .text.vApplicationTickHook
                0x0000000080001090       0x20 CMakeFiles/freertos_ecspi_loopback.elf.dir/opt/SDK_2_12_1_MIMX8ML8xxxKZ/boards/evkmimx8mp/rtos_examples/freertos_ecspi/ecspi_ili9341/freertos_ecspi_loopback.c.obj
                0x0000000080001090                vApplicationTickHook
 .text.lv_example_get_started_1
                0x00000000800010b0       0xac CMakeFiles/freertos_ecspi_loopback.elf.dir/opt/SDK_2_12_1_MIMX8ML8xxxKZ/boards/evkmimx8mp/rtos_examples/freertos_ecspi/ecspi_ili9341/freertos_ecspi_loopback.c.obj
                0x00000000800010b0                lv_example_get_started_1
 .text.draw_lvgl_ui
                0x000000008000115c       0x1c CMakeFiles/freertos_ecspi_loopback.elf.dir/opt/SDK_2_12_1_MIMX8ML8xxxKZ/boards/evkmimx8mp/rtos_examples/freertos_ecspi/ecspi_ili9341/freertos_ecspi_loopback.c.obj
 .text.vApplicationIdleHook
                0x0000000080001178       0x2c CMakeFiles/freertos_ecspi_loopback.elf.dir/opt/SDK_2_12_1_MIMX8ML8xxxKZ/boards/evkmimx8mp/rtos_examples/freertos_ecspi/ecspi_ili9341/freertos_ecspi_loopback.c.obj
                0x0000000080001178                vApplicationIdleHook
 .text.startup.main
                0x00000000800011a4      0x184 CMakeFiles/freertos_ecspi_loopback.elf.dir/opt/SDK_2_12_1_MIMX8ML8xxxKZ/boards/evkmimx8mp/rtos_examples/freertos_ecspi/ecspi_ili9341/freertos_ecspi_loopback.c.obj
                0x00000000800011a4                main
 .text.BOARD_InitPins
                0x0000000080001328       0x64 CMakeFiles/freertos_ecspi_loopback.elf.dir/opt/SDK_2_12_1_MIMX8ML8xxxKZ/boards/evkmimx8mp/rtos_examples/freertos_ecspi/ecspi_ili9341/pin_mux.c.obj
                0x0000000080001328                BOARD_InitPins
 .text.BOARD_InitBootPins
                0x000000008000138c        0x4 CMakeFiles/freertos_ecspi_loopback.elf.dir/opt/SDK_2_12_1_MIMX8ML8xxxKZ/boards/evkmimx8mp/rtos_examples/freertos_ecspi/ecspi_ili9341/pin_mux.c.obj
                0x000000008000138c                BOARD_InitBootPins
 .text.BOARD_InitDebugConsole
                0x0000000080001390       0x44 CMakeFiles/freertos_ecspi_loopback.elf.dir/opt/SDK_2_12_1_MIMX8ML8xxxKZ/boards/evkmimx8mp/rtos_examples/freertos_ecspi/ecspi_ili9341/board.c.obj
                0x0000000080001390                BOARD_InitDebugConsole
 .text.BOARD_InitMemory
                0x00000000800013d4      0x204 CMakeFiles/freertos_ecspi_loopback.elf.dir/opt/SDK_2_12_1_MIMX8ML8xxxKZ/boards/evkmimx8mp/rtos_examples/freertos_ecspi/ecspi_ili9341/board.c.obj
                0x00000000800013d4                BOARD_InitMemory
 .text.BOARD_RdcInit
                0x00000000800015d8       0x84 CMakeFiles/freertos_ecspi_loopback.elf.dir/opt/SDK_2_12_1_MIMX8ML8xxxKZ/boards/evkmimx8mp/rtos_examples/freertos_ecspi/ecspi_ili9341/board.c.obj
                0x00000000800015d8                BOARD_RdcInit
 .text.BOARD_BootClockRUN
                0x000000008000165c      0x164 CMakeFiles/freertos_ecspi_loopback.elf.dir/opt/SDK_2_12_1_MIMX8ML8xxxKZ/boards/evkmimx8mp/rtos_examples/freertos_ecspi/ecspi_ili9341/clock_config.c.obj
                0x000000008000165c                BOARD_BootClockRUN
 .text.CLOCK_GetPllRefClkFreq
                0x00000000800017c0       0x20 CMakeFiles/freertos_ecspi_loopback.elf.dir/opt/SDK_2_12_1_MIMX8ML8xxxKZ/devices/MIMX8ML8/drivers/fsl_clock.c.obj
                0x00000000800017c0                CLOCK_GetPllRefClkFreq
 .text.CLOCK_InitFracPll
                0x00000000800017e0       0x54 CMakeFiles/freertos_ecspi_loopback.elf.dir/opt/SDK_2_12_1_MIMX8ML8xxxKZ/devices/MIMX8ML8/drivers/fsl_clock.c.obj
                0x00000000800017e0                CLOCK_InitFracPll
 .text.CLOCK_InitAudioPll1
                0x0000000080001834       0x28 CMakeFiles/freertos_ecspi_loopback.elf.dir/opt/SDK_2_12_1_MIMX8ML8xxxKZ/devices/MIMX8ML8/drivers/fsl_clock.c.obj
                0x0000000080001834                CLOCK_InitAudioPll1
 .text.CLOCK_InitAudioPll2
                0x000000008000185c       0x2c CMakeFiles/freertos_ecspi_loopback.elf.dir/opt/SDK_2_12_1_MIMX8ML8xxxKZ/devices/MIMX8ML8/drivers/fsl_clock.c.obj
                0x000000008000185c                CLOCK_InitAudioPll2
 .text.CLOCK_GetFracPllFreq
                0x0000000080001888       0x40 CMakeFiles/freertos_ecspi_loopback.elf.dir/opt/SDK_2_12_1_MIMX8ML8xxxKZ/devices/MIMX8ML8/drivers/fsl_clock.c.obj
                0x0000000080001888                CLOCK_GetFracPllFreq
 .text.CLOCK_GetIntegerPllFreq
                0x00000000800018c8       0x36 CMakeFiles/freertos_ecspi_loopback.elf.dir/opt/SDK_2_12_1_MIMX8ML8xxxKZ/devices/MIMX8ML8/drivers/fsl_clock.c.obj
                0x00000000800018c8                CLOCK_GetIntegerPllFreq
 *fill*         0x00000000800018fe        0x2 
 .text.CLOCK_GetPllFreq
                0x0000000080001900       0xb4 CMakeFiles/freertos_ecspi_loopback.elf.dir/opt/SDK_2_12_1_MIMX8ML8xxxKZ/devices/MIMX8ML8/drivers/fsl_clock.c.obj
                0x0000000080001900                CLOCK_GetPllFreq
 .text.CLOCK_SetRootDivider
                0x00000000800019b4       0x20 CMakeFiles/freertos_ecspi_loopback.elf.dir/opt/SDK_2_12_1_MIMX8ML8xxxKZ/devices/MIMX8ML8/drivers/fsl_clock.c.obj
                0x00000000800019b4                CLOCK_SetRootDivider
 .text.CLOCK_EnableClock
                0x00000000800019d4       0x50 CMakeFiles/freertos_ecspi_loopback.elf.dir/opt/SDK_2_12_1_MIMX8ML8xxxKZ/devices/MIMX8ML8/drivers/fsl_clock.c.obj
                0x00000000800019d4                CLOCK_EnableClock
 .text.ECSPI_CommonIRQHandler
                0x0000000080001a24       0x28 CMakeFiles/freertos_ecspi_loopback.elf.dir/opt/SDK_2_12_1_MIMX8ML8xxxKZ/devices/MIMX8ML8/drivers/fsl_ecspi.c.obj
 .text.ECSPI_SendTransfer
                0x0000000080001a4c       0x44 CMakeFiles/freertos_ecspi_loopback.elf.dir/opt/SDK_2_12_1_MIMX8ML8xxxKZ/devices/MIMX8ML8/drivers/fsl_ecspi.c.obj
 .text.ECSPI_GetInstance
                0x0000000080001a90       0x2c CMakeFiles/freertos_ecspi_loopback.elf.dir/opt/SDK_2_12_1_MIMX8ML8xxxKZ/devices/MIMX8ML8/drivers/fsl_ecspi.c.obj
                0x0000000080001a90                ECSPI_GetInstance
 .text.ECSPI_MasterGetDefaultConfig
                0x0000000080001abc       0x40 CMakeFiles/freertos_ecspi_loopback.elf.dir/opt/SDK_2_12_1_MIMX8ML8xxxKZ/devices/MIMX8ML8/drivers/fsl_ecspi.c.obj
                0x0000000080001abc                ECSPI_MasterGetDefaultConfig
 .text.ECSPI_SetBaudRate
                0x0000000080001afc       0x60 CMakeFiles/freertos_ecspi_loopback.elf.dir/opt/SDK_2_12_1_MIMX8ML8xxxKZ/devices/MIMX8ML8/drivers/fsl_ecspi.c.obj
                0x0000000080001afc                ECSPI_SetBaudRate
 .text.ECSPI_SetChannelConfig
                0x0000000080001b5c      0x120 CMakeFiles/freertos_ecspi_loopback.elf.dir/opt/SDK_2_12_1_MIMX8ML8xxxKZ/devices/MIMX8ML8/drivers/fsl_ecspi.c.obj
                0x0000000080001b5c                ECSPI_SetChannelConfig
 .text.ECSPI_MasterInit
                0x0000000080001c7c       0x88 CMakeFiles/freertos_ecspi_loopback.elf.dir/opt/SDK_2_12_1_MIMX8ML8xxxKZ/devices/MIMX8ML8/drivers/fsl_ecspi.c.obj
                0x0000000080001c7c                ECSPI_MasterInit
 .text.ECSPI_MasterTransferCreateHandle
                0x0000000080001d04       0x4c CMakeFiles/freertos_ecspi_loopback.elf.dir/opt/SDK_2_12_1_MIMX8ML8xxxKZ/devices/MIMX8ML8/drivers/fsl_ecspi.c.obj
                0x0000000080001d04                ECSPI_MasterTransferCreateHandle
 .text.ECSPI_MasterTransferNonBlocking
                0x0000000080001d50       0x62 CMakeFiles/freertos_ecspi_loopback.elf.dir/opt/SDK_2_12_1_MIMX8ML8xxxKZ/devices/MIMX8ML8/drivers/fsl_ecspi.c.obj
                0x0000000080001d50                ECSPI_MasterTransferNonBlocking
 .text.ECSPI_MasterTransferAbort
                0x0000000080001db2       0x1e CMakeFiles/freertos_ecspi_loopback.elf.dir/opt/SDK_2_12_1_MIMX8ML8xxxKZ/devices/MIMX8ML8/drivers/fsl_ecspi.c.obj
                0x0000000080001db2                ECSPI_MasterTransferAbort
 .text.ECSPI_MasterTransferHandleIRQ
                0x0000000080001dd0       0x92 CMakeFiles/freertos_ecspi_loopback.elf.dir/opt/SDK_2_12_1_MIMX8ML8xxxKZ/devices/MIMX8ML8/drivers/fsl_ecspi.c.obj
                0x0000000080001dd0                ECSPI_MasterTransferHandleIRQ
 *fill*         0x0000000080001e62        0x2 
 .text.ECSPI1_DriverIRQHandler
                0x0000000080001e64       0x14 CMakeFiles/freertos_ecspi_loopback.elf.dir/opt/SDK_2_12_1_MIMX8ML8xxxKZ/devices/MIMX8ML8/drivers/fsl_ecspi.c.obj
                0x0000000080001e64                ECSPI1_DriverIRQHandler
 .text.ECSPI2_DriverIRQHandler
                0x0000000080001e78       0x14 CMakeFiles/freertos_ecspi_loopback.elf.dir/opt/SDK_2_12_1_MIMX8ML8xxxKZ/devices/MIMX8ML8/drivers/fsl_ecspi.c.obj
                0x0000000080001e78                ECSPI2_DriverIRQHandler
 .text.ECSPI3_DriverIRQHandler
                0x0000000080001e8c       0x14 CMakeFiles/freertos_ecspi_loopback.elf.dir/opt/SDK_2_12_1_MIMX8ML8xxxKZ/devices/MIMX8ML8/drivers/fsl_ecspi.c.obj
                0x0000000080001e8c                ECSPI3_DriverIRQHandler
 .text.ECSPI_RTOS_Callback
                0x0000000080001ea0       0x2a CMakeFiles/freertos_ecspi_loopback.elf.dir/opt/SDK_2_12_1_MIMX8ML8xxxKZ/devices/MIMX8ML8/drivers/fsl_ecspi_freertos.c.obj
 *fill*         0x0000000080001eca        0x2 
 .text.ECSPI_RTOS_Init
                0x0000000080001ecc       0x64 CMakeFiles/freertos_ecspi_loopback.elf.dir/opt/SDK_2_12_1_MIMX8ML8xxxKZ/devices/MIMX8ML8/drivers/fsl_ecspi_freertos.c.obj
                0x0000000080001ecc                ECSPI_RTOS_Init
 .text.ECSPI_RTOS_Transfer
                0x0000000080001f30       0x5e CMakeFiles/freertos_ecspi_loopback.elf.dir/opt/SDK_2_12_1_MIMX8ML8xxxKZ/devices/MIMX8ML8/drivers/fsl_ecspi_freertos.c.obj
                0x0000000080001f30                ECSPI_RTOS_Transfer
 .text.vListInitialise
                0x0000000080001f8e       0x16 CMakeFiles/freertos_ecspi_loopback.elf.dir/opt/SDK_2_12_1_MIMX8ML8xxxKZ/rtos/freertos/freertos_kernel/list.c.obj
                0x0000000080001f8e                vListInitialise
 .text.vListInitialiseItem
                0x0000000080001fa4        0x6 CMakeFiles/freertos_ecspi_loopback.elf.dir/opt/SDK_2_12_1_MIMX8ML8xxxKZ/rtos/freertos/freertos_kernel/list.c.obj
                0x0000000080001fa4                vListInitialiseItem
 .text.vListInsertEnd
                0x0000000080001faa       0x18 CMakeFiles/freertos_ecspi_loopback.elf.dir/opt/SDK_2_12_1_MIMX8ML8xxxKZ/rtos/freertos/freertos_kernel/list.c.obj
                0x0000000080001faa                vListInsertEnd
 .text.vListInsert
                0x0000000080001fc2       0x2e CMakeFiles/freertos_ecspi_loopback.elf.dir/opt/SDK_2_12_1_MIMX8ML8xxxKZ/rtos/freertos/freertos_kernel/list.c.obj
                0x0000000080001fc2                vListInsert
 .text.uxListRemove
                0x0000000080001ff0       0x20 CMakeFiles/freertos_ecspi_loopback.elf.dir/opt/SDK_2_12_1_MIMX8ML8xxxKZ/rtos/freertos/freertos_kernel/list.c.obj
                0x0000000080001ff0                uxListRemove
 .text.prvPortStartFirstTask
                0x0000000080002010       0x28 CMakeFiles/freertos_ecspi_loopback.elf.dir/opt/SDK_2_12_1_MIMX8ML8xxxKZ/rtos/freertos/freertos_kernel/portable/GCC/ARM_CM4F/port.c.obj
 .text.vPortEnableVFP
                0x0000000080002038       0x14 CMakeFiles/freertos_ecspi_loopback.elf.dir/opt/SDK_2_12_1_MIMX8ML8xxxKZ/rtos/freertos/freertos_kernel/portable/GCC/ARM_CM4F/port.c.obj
 .text.prvTaskExitError
                0x000000008000204c       0x40 CMakeFiles/freertos_ecspi_loopback.elf.dir/opt/SDK_2_12_1_MIMX8ML8xxxKZ/rtos/freertos/freertos_kernel/portable/GCC/ARM_CM4F/port.c.obj
 .text.pxPortInitialiseStack
                0x000000008000208c       0x24 CMakeFiles/freertos_ecspi_loopback.elf.dir/opt/SDK_2_12_1_MIMX8ML8xxxKZ/rtos/freertos/freertos_kernel/portable/GCC/ARM_CM4F/port.c.obj
                0x000000008000208c                pxPortInitialiseStack
 .text.SVC_Handler
                0x00000000800020b0       0x24 CMakeFiles/freertos_ecspi_loopback.elf.dir/opt/SDK_2_12_1_MIMX8ML8xxxKZ/rtos/freertos/freertos_kernel/portable/GCC/ARM_CM4F/port.c.obj
                0x00000000800020b0                SVC_Handler
 .text.vPortEnterCritical
                0x00000000800020d4       0x40 CMakeFiles/freertos_ecspi_loopback.elf.dir/opt/SDK_2_12_1_MIMX8ML8xxxKZ/rtos/freertos/freertos_kernel/portable/GCC/ARM_CM4F/port.c.obj
                0x00000000800020d4                vPortEnterCritical
 .text.vPortExitCritical
                0x0000000080002114       0x28 CMakeFiles/freertos_ecspi_loopback.elf.dir/opt/SDK_2_12_1_MIMX8ML8xxxKZ/rtos/freertos/freertos_kernel/portable/GCC/ARM_CM4F/port.c.obj
                0x0000000080002114                vPortExitCritical
 *fill*         0x000000008000213c        0x4 
 .text.PendSV_Handler
                0x0000000080002140       0x64 CMakeFiles/freertos_ecspi_loopback.elf.dir/opt/SDK_2_12_1_MIMX8ML8xxxKZ/rtos/freertos/freertos_kernel/portable/GCC/ARM_CM4F/port.c.obj
                0x0000000080002140                PendSV_Handler
 .text.SysTick_Handler
                0x00000000800021a4       0x2c CMakeFiles/freertos_ecspi_loopback.elf.dir/opt/SDK_2_12_1_MIMX8ML8xxxKZ/rtos/freertos/freertos_kernel/portable/GCC/ARM_CM4F/port.c.obj
                0x00000000800021a4                SysTick_Handler
 .text.vPortSetupTimerInterrupt
                0x00000000800021d0       0x24 CMakeFiles/freertos_ecspi_loopback.elf.dir/opt/SDK_2_12_1_MIMX8ML8xxxKZ/rtos/freertos/freertos_kernel/portable/GCC/ARM_CM4F/port.c.obj
                0x00000000800021d0                vPortSetupTimerInterrupt
 .text.xPortStartScheduler
                0x00000000800021f4      0x10c CMakeFiles/freertos_ecspi_loopback.elf.dir/opt/SDK_2_12_1_MIMX8ML8xxxKZ/rtos/freertos/freertos_kernel/portable/GCC/ARM_CM4F/port.c.obj
                0x00000000800021f4                xPortStartScheduler
 .text.vPortValidateInterruptPriority
                0x0000000080002300       0x5c CMakeFiles/freertos_ecspi_loopback.elf.dir/opt/SDK_2_12_1_MIMX8ML8xxxKZ/rtos/freertos/freertos_kernel/portable/GCC/ARM_CM4F/port.c.obj
                0x0000000080002300                vPortValidateInterruptPriority
 .text.prvIsQueueEmpty
                0x000000008000235c       0x16 CMakeFiles/freertos_ecspi_loopback.elf.dir/opt/SDK_2_12_1_MIMX8ML8xxxKZ/rtos/freertos/freertos_kernel/queue.c.obj
 .text.prvCopyDataToQueue
                0x0000000080002372       0x6a CMakeFiles/freertos_ecspi_loopback.elf.dir/opt/SDK_2_12_1_MIMX8ML8xxxKZ/rtos/freertos/freertos_kernel/queue.c.obj
 .text.prvCopyDataFromQueue
                0x00000000800023dc       0x2a CMakeFiles/freertos_ecspi_loopback.elf.dir/opt/SDK_2_12_1_MIMX8ML8xxxKZ/rtos/freertos/freertos_kernel/queue.c.obj
 .text.prvUnlockQueue
                0x0000000080002406       0x70 CMakeFiles/freertos_ecspi_loopback.elf.dir/opt/SDK_2_12_1_MIMX8ML8xxxKZ/rtos/freertos/freertos_kernel/queue.c.obj
 .text.xQueueGenericReset
                0x0000000080002476       0x7e CMakeFiles/freertos_ecspi_loopback.elf.dir/opt/SDK_2_12_1_MIMX8ML8xxxKZ/rtos/freertos/freertos_kernel/queue.c.obj
                0x0000000080002476                xQueueGenericReset
 .text.xQueueGenericCreate.part.0
                0x00000000800024f4       0x68 CMakeFiles/freertos_ecspi_loopback.elf.dir/opt/SDK_2_12_1_MIMX8ML8xxxKZ/rtos/freertos/freertos_kernel/queue.c.obj
 .text.xQueueGenericCreate
                0x000000008000255c       0x18 CMakeFiles/freertos_ecspi_loopback.elf.dir/opt/SDK_2_12_1_MIMX8ML8xxxKZ/rtos/freertos/freertos_kernel/queue.c.obj
                0x000000008000255c                xQueueGenericCreate
 .text.xQueueGenericSend
                0x0000000080002574      0x166 CMakeFiles/freertos_ecspi_loopback.elf.dir/opt/SDK_2_12_1_MIMX8ML8xxxKZ/rtos/freertos/freertos_kernel/queue.c.obj
                0x0000000080002574                xQueueGenericSend
 .text.xQueueCreateMutex
                0x00000000800026da       0x24 CMakeFiles/freertos_ecspi_loopback.elf.dir/opt/SDK_2_12_1_MIMX8ML8xxxKZ/rtos/freertos/freertos_kernel/queue.c.obj
                0x00000000800026da                xQueueCreateMutex
 .text.xQueueGenericSendFromISR
                0x00000000800026fe       0xda CMakeFiles/freertos_ecspi_loopback.elf.dir/opt/SDK_2_12_1_MIMX8ML8xxxKZ/rtos/freertos/freertos_kernel/queue.c.obj
                0x00000000800026fe                xQueueGenericSendFromISR
 .text.xQueueGiveFromISR
                0x00000000800027d8       0xbe CMakeFiles/freertos_ecspi_loopback.elf.dir/opt/SDK_2_12_1_MIMX8ML8xxxKZ/rtos/freertos/freertos_kernel/queue.c.obj
                0x00000000800027d8                xQueueGiveFromISR
 .text.xQueueReceive
                0x0000000080002896      0x13e CMakeFiles/freertos_ecspi_loopback.elf.dir/opt/SDK_2_12_1_MIMX8ML8xxxKZ/rtos/freertos/freertos_kernel/queue.c.obj
                0x0000000080002896                xQueueReceive
 .text.xQueueSemaphoreTake
                0x00000000800029d4      0x186 CMakeFiles/freertos_ecspi_loopback.elf.dir/opt/SDK_2_12_1_MIMX8ML8xxxKZ/rtos/freertos/freertos_kernel/queue.c.obj
                0x00000000800029d4                xQueueSemaphoreTake
 .text.uxQueueMessagesWaiting
                0x0000000080002b5a       0x2a CMakeFiles/freertos_ecspi_loopback.elf.dir/opt/SDK_2_12_1_MIMX8ML8xxxKZ/rtos/freertos/freertos_kernel/queue.c.obj
                0x0000000080002b5a                uxQueueMessagesWaiting
 .text.vQueueAddToRegistry
                0x0000000080002b84       0x24 CMakeFiles/freertos_ecspi_loopback.elf.dir/opt/SDK_2_12_1_MIMX8ML8xxxKZ/rtos/freertos/freertos_kernel/queue.c.obj
                0x0000000080002b84                vQueueAddToRegistry
 .text.vQueueUnregisterQueue
                0x0000000080002ba8       0x28 CMakeFiles/freertos_ecspi_loopback.elf.dir/opt/SDK_2_12_1_MIMX8ML8xxxKZ/rtos/freertos/freertos_kernel/queue.c.obj
                0x0000000080002ba8                vQueueUnregisterQueue
 .text.vQueueDelete
                0x0000000080002bd0       0x26 CMakeFiles/freertos_ecspi_loopback.elf.dir/opt/SDK_2_12_1_MIMX8ML8xxxKZ/rtos/freertos/freertos_kernel/queue.c.obj
                0x0000000080002bd0                vQueueDelete
 .text.vQueueWaitForMessageRestricted
                0x0000000080002bf6       0x46 CMakeFiles/freertos_ecspi_loopback.elf.dir/opt/SDK_2_12_1_MIMX8ML8xxxKZ/rtos/freertos/freertos_kernel/queue.c.obj
                0x0000000080002bf6                vQueueWaitForMessageRestricted
 .text.prvAddCurrentTaskToDelayedList
                0x0000000080002c3c       0x88 CMakeFiles/freertos_ecspi_loopback.elf.dir/opt/SDK_2_12_1_MIMX8ML8xxxKZ/rtos/freertos/freertos_kernel/tasks.c.obj
 .text.prvTaskIsTaskSuspended
                0x0000000080002cc4       0x38 CMakeFiles/freertos_ecspi_loopback.elf.dir/opt/SDK_2_12_1_MIMX8ML8xxxKZ/rtos/freertos/freertos_kernel/tasks.c.obj
 .text.prvResetNextTaskUnblockTime
                0x0000000080002cfc       0x24 CMakeFiles/freertos_ecspi_loopback.elf.dir/opt/SDK_2_12_1_MIMX8ML8xxxKZ/rtos/freertos/freertos_kernel/tasks.c.obj
 .text.prvIdleTask
                0x0000000080002d20       0x6c CMakeFiles/freertos_ecspi_loopback.elf.dir/opt/SDK_2_12_1_MIMX8ML8xxxKZ/rtos/freertos/freertos_kernel/tasks.c.obj
 .text.xTaskCreate
                0x0000000080002d8c      0x1d0 CMakeFiles/freertos_ecspi_loopback.elf.dir/opt/SDK_2_12_1_MIMX8ML8xxxKZ/rtos/freertos/freertos_kernel/tasks.c.obj
                0x0000000080002d8c                xTaskCreate
 .text.vTaskResume
                0x0000000080002f5c       0x8c CMakeFiles/freertos_ecspi_loopback.elf.dir/opt/SDK_2_12_1_MIMX8ML8xxxKZ/rtos/freertos/freertos_kernel/tasks.c.obj
                0x0000000080002f5c                vTaskResume
 .text.vTaskStartScheduler
                0x0000000080002fe8       0x80 CMakeFiles/freertos_ecspi_loopback.elf.dir/opt/SDK_2_12_1_MIMX8ML8xxxKZ/rtos/freertos/freertos_kernel/tasks.c.obj
                0x0000000080002fe8                vTaskStartScheduler
 .text.vTaskSuspendAll
                0x0000000080003068       0x10 CMakeFiles/freertos_ecspi_loopback.elf.dir/opt/SDK_2_12_1_MIMX8ML8xxxKZ/rtos/freertos/freertos_kernel/tasks.c.obj
                0x0000000080003068                vTaskSuspendAll
 .text.xTaskGetTickCount
                0x0000000080003078        0xc CMakeFiles/freertos_ecspi_loopback.elf.dir/opt/SDK_2_12_1_MIMX8ML8xxxKZ/rtos/freertos/freertos_kernel/tasks.c.obj
                0x0000000080003078                xTaskGetTickCount
 .text.xTaskIncrementTick
                0x0000000080003084      0x114 CMakeFiles/freertos_ecspi_loopback.elf.dir/opt/SDK_2_12_1_MIMX8ML8xxxKZ/rtos/freertos/freertos_kernel/tasks.c.obj
                0x0000000080003084                xTaskIncrementTick
 .text.xTaskResumeAll
                0x0000000080003198       0xf0 CMakeFiles/freertos_ecspi_loopback.elf.dir/opt/SDK_2_12_1_MIMX8ML8xxxKZ/rtos/freertos/freertos_kernel/tasks.c.obj
                0x0000000080003198                xTaskResumeAll
 .text.xTaskDelayUntil
                0x0000000080003288       0x9c CMakeFiles/freertos_ecspi_loopback.elf.dir/opt/SDK_2_12_1_MIMX8ML8xxxKZ/rtos/freertos/freertos_kernel/tasks.c.obj
                0x0000000080003288                xTaskDelayUntil
 .text.vTaskDelay
                0x0000000080003324       0x48 CMakeFiles/freertos_ecspi_loopback.elf.dir/opt/SDK_2_12_1_MIMX8ML8xxxKZ/rtos/freertos/freertos_kernel/tasks.c.obj
                0x0000000080003324                vTaskDelay
 .text.vTaskSwitchContext
                0x000000008000336c       0x74 CMakeFiles/freertos_ecspi_loopback.elf.dir/opt/SDK_2_12_1_MIMX8ML8xxxKZ/rtos/freertos/freertos_kernel/tasks.c.obj
                0x000000008000336c                vTaskSwitchContext
 .text.vTaskSuspend
                0x00000000800033e0       0xd8 CMakeFiles/freertos_ecspi_loopback.elf.dir/opt/SDK_2_12_1_MIMX8ML8xxxKZ/rtos/freertos/freertos_kernel/tasks.c.obj
                0x00000000800033e0                vTaskSuspend
 .text.vTaskPlaceOnEventList
                0x00000000800034b8       0x34 CMakeFiles/freertos_ecspi_loopback.elf.dir/opt/SDK_2_12_1_MIMX8ML8xxxKZ/rtos/freertos/freertos_kernel/tasks.c.obj
                0x00000000800034b8                vTaskPlaceOnEventList
 .text.vTaskPlaceOnEventListRestricted
                0x00000000800034ec       0x3c CMakeFiles/freertos_ecspi_loopback.elf.dir/opt/SDK_2_12_1_MIMX8ML8xxxKZ/rtos/freertos/freertos_kernel/tasks.c.obj
                0x00000000800034ec                vTaskPlaceOnEventListRestricted
 .text.xTaskRemoveFromEventList
                0x0000000080003528       0x8c CMakeFiles/freertos_ecspi_loopback.elf.dir/opt/SDK_2_12_1_MIMX8ML8xxxKZ/rtos/freertos/freertos_kernel/tasks.c.obj
                0x0000000080003528                xTaskRemoveFromEventList
 .text.vTaskInternalSetTimeOutState
                0x00000000800035b4       0x18 CMakeFiles/freertos_ecspi_loopback.elf.dir/opt/SDK_2_12_1_MIMX8ML8xxxKZ/rtos/freertos/freertos_kernel/tasks.c.obj
                0x00000000800035b4                vTaskInternalSetTimeOutState
 .text.xTaskCheckForTimeOut
                0x00000000800035cc       0x78 CMakeFiles/freertos_ecspi_loopback.elf.dir/opt/SDK_2_12_1_MIMX8ML8xxxKZ/rtos/freertos/freertos_kernel/tasks.c.obj
                0x00000000800035cc                xTaskCheckForTimeOut
 .text.vTaskMissedYield
                0x0000000080003644        0xc CMakeFiles/freertos_ecspi_loopback.elf.dir/opt/SDK_2_12_1_MIMX8ML8xxxKZ/rtos/freertos/freertos_kernel/tasks.c.obj
                0x0000000080003644                vTaskMissedYield
 .text.xTaskGetSchedulerState
                0x0000000080003650       0x20 CMakeFiles/freertos_ecspi_loopback.elf.dir/opt/SDK_2_12_1_MIMX8ML8xxxKZ/rtos/freertos/freertos_kernel/tasks.c.obj
                0x0000000080003650                xTaskGetSchedulerState
 .text.xTaskPriorityInherit
                0x0000000080003670       0x98 CMakeFiles/freertos_ecspi_loopback.elf.dir/opt/SDK_2_12_1_MIMX8ML8xxxKZ/rtos/freertos/freertos_kernel/tasks.c.obj
                0x0000000080003670                xTaskPriorityInherit
 .text.xTaskPriorityDisinherit
                0x0000000080003708       0x9c CMakeFiles/freertos_ecspi_loopback.elf.dir/opt/SDK_2_12_1_MIMX8ML8xxxKZ/rtos/freertos/freertos_kernel/tasks.c.obj
                0x0000000080003708                xTaskPriorityDisinherit
 .text.vTaskPriorityDisinheritAfterTimeout
                0x00000000800037a4       0xb4 CMakeFiles/freertos_ecspi_loopback.elf.dir/opt/SDK_2_12_1_MIMX8ML8xxxKZ/rtos/freertos/freertos_kernel/tasks.c.obj
                0x00000000800037a4                vTaskPriorityDisinheritAfterTimeout
 .text.pvTaskIncrementMutexHeldCount
                0x0000000080003858       0x18 CMakeFiles/freertos_ecspi_loopback.elf.dir/opt/SDK_2_12_1_MIMX8ML8xxxKZ/rtos/freertos/freertos_kernel/tasks.c.obj
                0x0000000080003858                pvTaskIncrementMutexHeldCount
 .text.prvCheckForValidListAndQueue
                0x0000000080003870       0x58 CMakeFiles/freertos_ecspi_loopback.elf.dir/opt/SDK_2_12_1_MIMX8ML8xxxKZ/rtos/freertos/freertos_kernel/timers.c.obj
 .text.prvInsertTimerInActiveList
                0x00000000800038c8       0x3c CMakeFiles/freertos_ecspi_loopback.elf.dir/opt/SDK_2_12_1_MIMX8ML8xxxKZ/rtos/freertos/freertos_kernel/timers.c.obj
 .text.xTimerCreateTimerTask
                0x0000000080003904       0x4c CMakeFiles/freertos_ecspi_loopback.elf.dir/opt/SDK_2_12_1_MIMX8ML8xxxKZ/rtos/freertos/freertos_kernel/timers.c.obj
                0x0000000080003904                xTimerCreateTimerTask
 .text.xTimerGenericCommand
                0x0000000080003950       0x54 CMakeFiles/freertos_ecspi_loopback.elf.dir/opt/SDK_2_12_1_MIMX8ML8xxxKZ/rtos/freertos/freertos_kernel/timers.c.obj
                0x0000000080003950                xTimerGenericCommand
 .text.prvSampleTimeNow
                0x00000000800039a4       0xac CMakeFiles/freertos_ecspi_loopback.elf.dir/opt/SDK_2_12_1_MIMX8ML8xxxKZ/rtos/freertos/freertos_kernel/timers.c.obj
 .text.prvTimerTask
                0x0000000080003a50      0x1cc CMakeFiles/freertos_ecspi_loopback.elf.dir/opt/SDK_2_12_1_MIMX8ML8xxxKZ/rtos/freertos/freertos_kernel/timers.c.obj
 .text.prvInsertBlockIntoFreeList
                0x0000000080003c1c       0x48 CMakeFiles/freertos_ecspi_loopback.elf.dir/opt/SDK_2_12_1_MIMX8ML8xxxKZ/rtos/freertos/freertos_kernel/portable/MemMang/heap_4.c.obj
 .text.pvPortMalloc
                0x0000000080003c64      0x130 CMakeFiles/freertos_ecspi_loopback.elf.dir/opt/SDK_2_12_1_MIMX8ML8xxxKZ/rtos/freertos/freertos_kernel/portable/MemMang/heap_4.c.obj
                0x0000000080003c64                pvPortMalloc
 .text.vPortFree
                0x0000000080003d94       0x7c CMakeFiles/freertos_ecspi_loopback.elf.dir/opt/SDK_2_12_1_MIMX8ML8xxxKZ/rtos/freertos/freertos_kernel/portable/MemMang/heap_4.c.obj
                0x0000000080003d94                vPortFree
 .text.RDC_SetMasterDomainAssignment
                0x0000000080003e10        0xa CMakeFiles/freertos_ecspi_loopback.elf.dir/opt/SDK_2_12_1_MIMX8ML8xxxKZ/devices/MIMX8ML8/drivers/fsl_rdc.c.obj
                0x0000000080003e10                RDC_SetMasterDomainAssignment
 *fill*         0x0000000080003e1a        0x2 
 .text.AUDIOMIX_InitAudioPll
                0x0000000080003e1c       0x64 CMakeFiles/freertos_ecspi_loopback.elf.dir/opt/SDK_2_12_1_MIMX8ML8xxxKZ/devices/MIMX8ML8/drivers/fsl_audiomix.c.obj
                0x0000000080003e1c                AUDIOMIX_InitAudioPll
 .text.ConvertRadixNumToString.constprop.0
                0x0000000080003e80       0x48 CMakeFiles/freertos_ecspi_loopback.elf.dir/opt/SDK_2_12_1_MIMX8ML8xxxKZ/devices/MIMX8ML8/utilities/str/fsl_str.c.obj
 .text.StrFormatPrintf
                0x0000000080003ec8      0x1c8 CMakeFiles/freertos_ecspi_loopback.elf.dir/opt/SDK_2_12_1_MIMX8ML8xxxKZ/devices/MIMX8ML8/utilities/str/fsl_str.c.obj
                0x0000000080003ec8                StrFormatPrintf
 .text.DbgConsole_SendDataReliable
                0x0000000080004090       0x30 CMakeFiles/freertos_ecspi_loopback.elf.dir/opt/SDK_2_12_1_MIMX8ML8xxxKZ/devices/MIMX8ML8/utilities/debug_console/fsl_debug_console.c.obj
                0x0000000080004090                DbgConsole_SendDataReliable
 .text.DbgConsole_PrintCallback
                0x00000000800040c0       0x3a CMakeFiles/freertos_ecspi_loopback.elf.dir/opt/SDK_2_12_1_MIMX8ML8xxxKZ/devices/MIMX8ML8/utilities/debug_console/fsl_debug_console.c.obj
 *fill*         0x00000000800040fa        0x2 
 .text.DbgConsole_Init
                0x00000000800040fc       0x88 CMakeFiles/freertos_ecspi_loopback.elf.dir/opt/SDK_2_12_1_MIMX8ML8xxxKZ/devices/MIMX8ML8/utilities/debug_console/fsl_debug_console.c.obj
                0x00000000800040fc                DbgConsole_Init
 .text.DbgConsole_Vprintf
                0x0000000080004184       0x3c CMakeFiles/freertos_ecspi_loopback.elf.dir/opt/SDK_2_12_1_MIMX8ML8xxxKZ/devices/MIMX8ML8/utilities/debug_console/fsl_debug_console.c.obj
                0x0000000080004184                DbgConsole_Vprintf
 .text.DbgConsole_Printf
                0x00000000800041c0       0x1a CMakeFiles/freertos_ecspi_loopback.elf.dir/opt/SDK_2_12_1_MIMX8ML8xxxKZ/devices/MIMX8ML8/utilities/debug_console/fsl_debug_console.c.obj
                0x00000000800041c0                DbgConsole_Printf
 .text.SerialManager_Init
                0x00000000800041da       0x2a CMakeFiles/freertos_ecspi_loopback.elf.dir/opt/SDK_2_12_1_MIMX8ML8xxxKZ/components/serial_manager/fsl_component_serial_manager.c.obj
                0x00000000800041da                SerialManager_Init
 .text.SerialManager_OpenWriteHandle
                0x0000000080004204       0x26 CMakeFiles/freertos_ecspi_loopback.elf.dir/opt/SDK_2_12_1_MIMX8ML8xxxKZ/components/serial_manager/fsl_component_serial_manager.c.obj
                0x0000000080004204                SerialManager_OpenWriteHandle
 .text.SerialManager_OpenReadHandle
                0x000000008000422a       0x2c CMakeFiles/freertos_ecspi_loopback.elf.dir/opt/SDK_2_12_1_MIMX8ML8xxxKZ/components/serial_manager/fsl_component_serial_manager.c.obj
                0x000000008000422a                SerialManager_OpenReadHandle
 .text.SerialManager_WriteBlocking
                0x0000000080004256       0x14 CMakeFiles/freertos_ecspi_loopback.elf.dir/opt/SDK_2_12_1_MIMX8ML8xxxKZ/components/serial_manager/fsl_component_serial_manager.c.obj
                0x0000000080004256                SerialManager_WriteBlocking
 .text.Serial_UartInit
                0x000000008000426a        0x4 CMakeFiles/freertos_ecspi_loopback.elf.dir/opt/SDK_2_12_1_MIMX8ML8xxxKZ/components/serial_manager/fsl_component_serial_port_uart.c.obj
                0x000000008000426a                Serial_UartInit
 .text.Serial_UartWrite
                0x000000008000426e        0x4 CMakeFiles/freertos_ecspi_loopback.elf.dir/opt/SDK_2_12_1_MIMX8ML8xxxKZ/components/serial_manager/fsl_component_serial_port_uart.c.obj
                0x000000008000426e                Serial_UartWrite
 *fill*         0x0000000080004272        0x2 
 .text.UART_GetInstance
                0x0000000080004274       0x38 CMakeFiles/freertos_ecspi_loopback.elf.dir/opt/SDK_2_12_1_MIMX8ML8xxxKZ/devices/MIMX8ML8/drivers/fsl_uart.c.obj
                0x0000000080004274                UART_GetInstance
 .text.UART_GetDefaultConfig
                0x00000000800042ac       0x28 CMakeFiles/freertos_ecspi_loopback.elf.dir/opt/SDK_2_12_1_MIMX8ML8xxxKZ/devices/MIMX8ML8/drivers/fsl_uart.c.obj
                0x00000000800042ac                UART_GetDefaultConfig
 .text.UART_SetBaudRate
                0x00000000800042d4      0x13c CMakeFiles/freertos_ecspi_loopback.elf.dir/opt/SDK_2_12_1_MIMX8ML8xxxKZ/devices/MIMX8ML8/drivers/fsl_uart.c.obj
                0x00000000800042d4                UART_SetBaudRate
 .text.UART_Init
                0x0000000080004410      0x154 CMakeFiles/freertos_ecspi_loopback.elf.dir/opt/SDK_2_12_1_MIMX8ML8xxxKZ/devices/MIMX8ML8/drivers/fsl_uart.c.obj
                0x0000000080004410                UART_Init
 .text.UART_WriteBlocking
                0x0000000080004564       0x22 CMakeFiles/freertos_ecspi_loopback.elf.dir/opt/SDK_2_12_1_MIMX8ML8xxxKZ/devices/MIMX8ML8/drivers/fsl_uart.c.obj
                0x0000000080004564                UART_WriteBlocking
 *fill*         0x0000000080004586        0x2 
 .text.UART1_DriverIRQHandler
                0x0000000080004588       0x20 CMakeFiles/freertos_ecspi_loopback.elf.dir/opt/SDK_2_12_1_MIMX8ML8xxxKZ/devices/MIMX8ML8/drivers/fsl_uart.c.obj
                0x0000000080004588                UART1_DriverIRQHandler
 .text.UART2_DriverIRQHandler
                0x00000000800045a8       0x20 CMakeFiles/freertos_ecspi_loopback.elf.dir/opt/SDK_2_12_1_MIMX8ML8xxxKZ/devices/MIMX8ML8/drivers/fsl_uart.c.obj
                0x00000000800045a8                UART2_DriverIRQHandler
 .text.UART3_DriverIRQHandler
                0x00000000800045c8       0x20 CMakeFiles/freertos_ecspi_loopback.elf.dir/opt/SDK_2_12_1_MIMX8ML8xxxKZ/devices/MIMX8ML8/drivers/fsl_uart.c.obj
                0x00000000800045c8                UART3_DriverIRQHandler
 .text.UART4_DriverIRQHandler
                0x00000000800045e8       0x20 CMakeFiles/freertos_ecspi_loopback.elf.dir/opt/SDK_2_12_1_MIMX8ML8xxxKZ/devices/MIMX8ML8/drivers/fsl_uart.c.obj
                0x00000000800045e8                UART4_DriverIRQHandler
 .text.HAL_UartInit
                0x0000000080004608       0x6c CMakeFiles/freertos_ecspi_loopback.elf.dir/opt/SDK_2_12_1_MIMX8ML8xxxKZ/components/uart/fsl_adapter_iuart.c.obj
                0x0000000080004608                HAL_UartInit
 .text.HAL_UartSendBlocking
                0x0000000080004674       0x18 CMakeFiles/freertos_ecspi_loopback.elf.dir/opt/SDK_2_12_1_MIMX8ML8xxxKZ/components/uart/fsl_adapter_iuart.c.obj
                0x0000000080004674                HAL_UartSendBlocking
 .text.GetFracPllFreq
                0x000000008000468c       0x44 CMakeFiles/freertos_ecspi_loopback.elf.dir/opt/SDK_2_12_1_MIMX8ML8xxxKZ/devices/MIMX8ML8/system_MIMX8ML8_cm7.c.obj
                0x000000008000468c                GetFracPllFreq
 .text.GetIntegerPllFreq
                0x00000000800046d0       0x44 CMakeFiles/freertos_ecspi_loopback.elf.dir/opt/SDK_2_12_1_MIMX8ML8xxxKZ/devices/MIMX8ML8/system_MIMX8ML8_cm7.c.obj
                0x00000000800046d0                GetIntegerPllFreq
 .text.SystemCoreClockUpdate
                0x0000000080004714       0x9c CMakeFiles/freertos_ecspi_loopback.elf.dir/opt/SDK_2_12_1_MIMX8ML8xxxKZ/devices/MIMX8ML8/system_MIMX8ML8_cm7.c.obj
                0x0000000080004714                SystemCoreClockUpdate
 .text.SystemInitHook
                0x00000000800047b0        0x2 CMakeFiles/freertos_ecspi_loopback.elf.dir/opt/SDK_2_12_1_MIMX8ML8xxxKZ/devices/MIMX8ML8/system_MIMX8ML8_cm7.c.obj
                0x00000000800047b0                SystemInitHook
 *fill*         0x00000000800047b2        0x2 
 .text.SystemInit
                0x00000000800047b4       0x1c CMakeFiles/freertos_ecspi_loopback.elf.dir/opt/SDK_2_12_1_MIMX8ML8xxxKZ/devices/MIMX8ML8/system_MIMX8ML8_cm7.c.obj
                0x00000000800047b4                SystemInit
 .text.GPIO_PinWrite
                0x00000000800047d0       0x16 CMakeFiles/freertos_ecspi_loopback.elf.dir/opt/SDK_2_12_1_MIMX8ML8xxxKZ/devices/MIMX8ML8/drivers/fsl_gpio.c.obj
                0x00000000800047d0                GPIO_PinWrite
 .text.GPIO_PinSetInterruptConfig
                0x00000000800047e6       0x7c CMakeFiles/freertos_ecspi_loopback.elf.dir/opt/SDK_2_12_1_MIMX8ML8xxxKZ/devices/MIMX8ML8/drivers/fsl_gpio.c.obj
                0x00000000800047e6                GPIO_PinSetInterruptConfig
 *fill*         0x0000000080004862        0x2 
 .text.GPIO_PinInit
                0x0000000080004864       0x9c CMakeFiles/freertos_ecspi_loopback.elf.dir/opt/SDK_2_12_1_MIMX8ML8xxxKZ/devices/MIMX8ML8/drivers/fsl_gpio.c.obj
                0x0000000080004864                GPIO_PinInit
 .text.exit     0x0000000080004900       0x28 /opt/gcc-arm-none-eabi-10.3-2021.10/bin/../lib/gcc/arm-none-eabi/10.3.1/../../../../arm-none-eabi/lib/thumb/v7e-m+fp/hard/libc_nano.a(lib_a-exit.o)
                0x0000000080004900                exit
 .text.__libc_init_array
                0x0000000080004928       0x48 /opt/gcc-arm-none-eabi-10.3-2021.10/bin/../lib/gcc/arm-none-eabi/10.3.1/../../../../arm-none-eabi/lib/thumb/v7e-m+fp/hard/libc_nano.a(lib_a-init.o)
                0x0000000080004928                __libc_init_array
 .text.memset   0x0000000080004970       0x10 /opt/gcc-arm-none-eabi-10.3-2021.10/bin/../lib/gcc/arm-none-eabi/10.3.1/../../../../arm-none-eabi/lib/thumb/v7e-m+fp/hard/libc_nano.a(lib_a-memset.o)
                0x0000000080004970                memset
 .text._exit    0x0000000080004980        0x4 /opt/gcc-arm-none-eabi-10.3-2021.10/bin/../lib/gcc/arm-none-eabi/10.3.1/../../../../arm-none-eabi/lib/thumb/v7e-m+fp/hard/libnosys.a(_exit.o)
                0x0000000080004980                _exit
 .text.lv_disp_get_scr_act
                0x0000000080004984        0xe lib/lvgl(lv_disp.c.obj)
                0x0000000080004984                lv_disp_get_scr_act
 .text.lv_disp_get_scr_prev
                0x0000000080004992        0xe lib/lvgl(lv_disp.c.obj)
                0x0000000080004992                lv_disp_get_scr_prev
 .text.lv_disp_get_layer_top
                0x00000000800049a0        0xe lib/lvgl(lv_disp.c.obj)
                0x00000000800049a0                lv_disp_get_layer_top
 .text.lv_disp_get_layer_sys
                0x00000000800049ae        0xe lib/lvgl(lv_disp.c.obj)
                0x00000000800049ae                lv_disp_get_layer_sys
 .text.lv_disp_set_theme
                0x00000000800049bc       0x44 lib/lvgl(lv_disp.c.obj)
                0x00000000800049bc                lv_disp_set_theme
 .text.lv_disp_get_theme
                0x0000000080004a00        0xc lib/lvgl(lv_disp.c.obj)
                0x0000000080004a00                lv_disp_get_theme
 .text.lv_disp_is_invalidation_enabled
                0x0000000080004a0c       0x18 lib/lvgl(lv_disp.c.obj)
                0x0000000080004a0c                lv_disp_is_invalidation_enabled
 .text.lv_obj_get_event_dsc.isra.0
                0x0000000080004a24       0x1a lib/lvgl(lv_event.c.obj)
 .text.lv_obj_event_base
                0x0000000080004a3e       0x2a lib/lvgl(lv_event.c.obj)
                0x0000000080004a3e                lv_obj_event_base
 .text.event_send_core
                0x0000000080004a68      0x164 lib/lvgl(lv_event.c.obj)
 .text.lv_event_send
                0x0000000080004bcc       0x40 lib/lvgl(lv_event.c.obj)
                0x0000000080004bcc                lv_event_send
 .text.lv_event_get_target
                0x0000000080004c0c        0x4 lib/lvgl(lv_event.c.obj)
                0x0000000080004c0c                lv_event_get_target
 .text.lv_event_get_current_target
                0x0000000080004c10        0x4 lib/lvgl(lv_event.c.obj)
                0x0000000080004c10                lv_event_get_current_target
 .text.lv_event_get_code
                0x0000000080004c14        0x8 lib/lvgl(lv_event.c.obj)
                0x0000000080004c14                lv_event_get_code
 .text.lv_event_get_param
                0x0000000080004c1c        0x4 lib/lvgl(lv_event.c.obj)
                0x0000000080004c1c                lv_event_get_param
 .text.lv_event_get_user_data
                0x0000000080004c20        0x4 lib/lvgl(lv_event.c.obj)
                0x0000000080004c20                lv_event_get_user_data
 .text._lv_event_mark_deleted
                0x0000000080004c24       0x24 lib/lvgl(lv_event.c.obj)
                0x0000000080004c24                _lv_event_mark_deleted
 .text.lv_obj_add_event_cb
                0x0000000080004c48       0x60 lib/lvgl(lv_event.c.obj)
                0x0000000080004c48                lv_obj_add_event_cb
 .text.lv_event_get_indev
                0x0000000080004ca8        0xe lib/lvgl(lv_event.c.obj)
                0x0000000080004ca8                lv_event_get_indev
 .text.lv_event_get_draw_ctx
                0x0000000080004cb6        0xe lib/lvgl(lv_event.c.obj)
                0x0000000080004cb6                lv_event_get_draw_ctx
 .text.lv_event_set_ext_draw_size
                0x0000000080004cc4       0x16 lib/lvgl(lv_event.c.obj)
                0x0000000080004cc4                lv_event_set_ext_draw_size
 .text.get_indev
                0x0000000080004cda       0x4c lib/lvgl(lv_group.c.obj)
 .text.focus_next_core
                0x0000000080004d26       0xe8 lib/lvgl(lv_group.c.obj)
 *fill*         0x0000000080004e0e        0x2 
 .text._lv_group_init
                0x0000000080004e10        0xc lib/lvgl(lv_group.c.obj)
                0x0000000080004e10                _lv_group_init
 .text.lv_group_create
                0x0000000080004e1c       0x34 lib/lvgl(lv_group.c.obj)
                0x0000000080004e1c                lv_group_create
 .text.lv_group_set_default
                0x0000000080004e50        0xc lib/lvgl(lv_group.c.obj)
                0x0000000080004e50                lv_group_set_default
 .text.lv_group_get_default
                0x0000000080004e5c        0xc lib/lvgl(lv_group.c.obj)
                0x0000000080004e5c                lv_group_get_default
 .text.lv_group_focus_next
                0x0000000080004e68       0x28 lib/lvgl(lv_group.c.obj)
                0x0000000080004e68                lv_group_focus_next
 .text.lv_group_focus_prev
                0x0000000080004e90       0x28 lib/lvgl(lv_group.c.obj)
                0x0000000080004e90                lv_group_focus_prev
 .text.lv_group_refocus
                0x0000000080004eb8       0x28 lib/lvgl(lv_group.c.obj)
 .text.lv_group_remove_obj
                0x0000000080004ee0       0x90 lib/lvgl(lv_group.c.obj)
                0x0000000080004ee0                lv_group_remove_obj
 .text.lv_group_add_obj
                0x0000000080004f70       0x72 lib/lvgl(lv_group.c.obj)
                0x0000000080004f70                lv_group_add_obj
 .text.lv_group_get_focused
                0x0000000080004fe2        0xa lib/lvgl(lv_group.c.obj)
                0x0000000080004fe2                lv_group_get_focused
 .text.lv_group_set_editing
                0x0000000080004fec       0x42 lib/lvgl(lv_group.c.obj)
                0x0000000080004fec                lv_group_set_editing
 .text.lv_group_get_editing
                0x000000008000502e        0xa lib/lvgl(lv_group.c.obj)
                0x000000008000502e                lv_group_get_editing
 .text.lv_indev_get_act
                0x0000000080005038        0xc lib/lvgl(lv_indev.c.obj)
                0x0000000080005038                lv_indev_get_act
 .text.lv_indev_get_type
                0x0000000080005044        0x8 lib/lvgl(lv_indev.c.obj)
                0x0000000080005044                lv_indev_get_type
 .text.lv_indev_reset
                0x000000008000504c       0xa0 lib/lvgl(lv_indev.c.obj)
                0x000000008000504c                lv_indev_reset
 .text.lv_indev_reset_long_press
                0x00000000800050ec       0x1a lib/lvgl(lv_indev.c.obj)
                0x00000000800050ec                lv_indev_reset_long_press
 .text.lv_indev_get_point
                0x0000000080005106       0x2a lib/lvgl(lv_indev.c.obj)
                0x0000000080005106                lv_indev_get_point
 .text.lv_indev_get_scroll_dir
                0x0000000080005130       0x1c lib/lvgl(lv_indev.c.obj)
                0x0000000080005130                lv_indev_get_scroll_dir
 .text.lv_indev_get_scroll_obj
                0x000000008000514c       0x16 lib/lvgl(lv_indev.c.obj)
                0x000000008000514c                lv_indev_get_scroll_obj
 .text.lv_indev_get_vect
                0x0000000080005162       0x22 lib/lvgl(lv_indev.c.obj)
                0x0000000080005162                lv_indev_get_vect
 .text.lv_indev_wait_release
                0x0000000080005184        0xc lib/lvgl(lv_indev.c.obj)
                0x0000000080005184                lv_indev_wait_release
 .text.lv_indev_get_obj_act
                0x0000000080005190        0xc lib/lvgl(lv_indev.c.obj)
                0x0000000080005190                lv_indev_get_obj_act
 .text.lv_indev_scroll_throw_predict
                0x000000008000519c       0x36 lib/lvgl(lv_indev_scroll.c.obj)
                0x000000008000519c                lv_indev_scroll_throw_predict
 .text.lv_obj_constructor
                0x00000000800051d2       0x74 lib/lvgl(lv_obj.c.obj)
 .text.lv_obj_set_state
                0x0000000080005246      0x234 lib/lvgl(lv_obj.c.obj)
 *fill*         0x000000008000547a        0x2 
 .text.lv_obj_draw
                0x000000008000547c      0x44c lib/lvgl(lv_obj.c.obj)
 .text.lv_init  0x00000000800058c8       0x54 lib/lvgl(lv_obj.c.obj)
                0x00000000800058c8                lv_init
 .text.lv_obj_create
                0x000000008000591c       0x18 lib/lvgl(lv_obj.c.obj)
                0x000000008000591c                lv_obj_create
 .text.lv_obj_add_flag
                0x0000000080005934       0x6a lib/lvgl(lv_obj.c.obj)
                0x0000000080005934                lv_obj_add_flag
 .text.lv_obj_clear_flag
                0x000000008000599e       0x78 lib/lvgl(lv_obj.c.obj)
                0x000000008000599e                lv_obj_clear_flag
 .text.lv_obj_add_state
                0x0000000080005a16       0x12 lib/lvgl(lv_obj.c.obj)
                0x0000000080005a16                lv_obj_add_state
 .text.lv_obj_clear_state
                0x0000000080005a28       0x12 lib/lvgl(lv_obj.c.obj)
                0x0000000080005a28                lv_obj_clear_state
 .text.lv_obj_has_flag
                0x0000000080005a3a        0xe lib/lvgl(lv_obj.c.obj)
                0x0000000080005a3a                lv_obj_has_flag
 .text.lv_obj_has_flag_any
                0x0000000080005a48        0xc lib/lvgl(lv_obj.c.obj)
                0x0000000080005a48                lv_obj_has_flag_any
 .text.lv_obj_get_state
                0x0000000080005a54        0x4 lib/lvgl(lv_obj.c.obj)
                0x0000000080005a54                lv_obj_get_state
 .text.lv_obj_get_group
                0x0000000080005a58        0x8 lib/lvgl(lv_obj.c.obj)
                0x0000000080005a58                lv_obj_get_group
 .text.lv_obj_event
                0x0000000080005a60      0x336 lib/lvgl(lv_obj.c.obj)
 *fill*         0x0000000080005d96        0x2 
 .text.lv_obj_destructor
                0x0000000080005d98       0x68 lib/lvgl(lv_obj.c.obj)
 .text.lv_obj_allocate_spec_attr
                0x0000000080005e00       0x38 lib/lvgl(lv_obj.c.obj)
                0x0000000080005e00                lv_obj_allocate_spec_attr
 .text.lv_obj_check_type
                0x0000000080005e38        0xc lib/lvgl(lv_obj.c.obj)
                0x0000000080005e38                lv_obj_check_type
 .text.lv_obj_construct
                0x0000000080005e44       0x22 lib/lvgl(lv_obj_class.c.obj)
 *fill*         0x0000000080005e66        0x2 
 .text.lv_obj_class_create_obj
                0x0000000080005e68       0xd8 lib/lvgl(lv_obj_class.c.obj)
                0x0000000080005e68                lv_obj_class_create_obj
 .text._lv_obj_destruct
                0x0000000080005f40       0x1a lib/lvgl(lv_obj_class.c.obj)
                0x0000000080005f40                _lv_obj_destruct
 .text.lv_obj_is_editable
                0x0000000080005f5a       0x14 lib/lvgl(lv_obj_class.c.obj)
                0x0000000080005f5a                lv_obj_is_editable
 .text.lv_obj_is_group_def
                0x0000000080005f6e       0x14 lib/lvgl(lv_obj_class.c.obj)
                0x0000000080005f6e                lv_obj_is_group_def
 .text.lv_obj_class_init_obj
                0x0000000080005f82       0x74 lib/lvgl(lv_obj_class.c.obj)
                0x0000000080005f82                lv_obj_class_init_obj
 .text.lv_obj_get_style_opa
                0x0000000080005ff6        0xc lib/lvgl(lv_obj_draw.c.obj)
 .text.lv_obj_get_style_blend_mode
                0x0000000080006002        0xc lib/lvgl(lv_obj_draw.c.obj)
 .text.lv_obj_get_style_bg_color_filtered
                0x000000008000600e       0x18 lib/lvgl(lv_obj_draw.c.obj)
 .text.lv_obj_get_style_text_color_filtered
                0x0000000080006026       0x18 lib/lvgl(lv_obj_draw.c.obj)
 .text.lv_obj_init_draw_rect_dsc
                0x000000008000603e      0x29c lib/lvgl(lv_obj_draw.c.obj)
                0x000000008000603e                lv_obj_init_draw_rect_dsc
 .text.lv_obj_init_draw_label_dsc
                0x00000000800062da       0x98 lib/lvgl(lv_obj_draw.c.obj)
                0x00000000800062da                lv_obj_init_draw_label_dsc
 .text.lv_obj_init_draw_img_dsc
                0x0000000080006372       0xa2 lib/lvgl(lv_obj_draw.c.obj)
                0x0000000080006372                lv_obj_init_draw_img_dsc
 .text.lv_obj_init_draw_line_dsc
                0x0000000080006414       0xae lib/lvgl(lv_obj_draw.c.obj)
                0x0000000080006414                lv_obj_init_draw_line_dsc
 .text.lv_obj_init_draw_arc_dsc
                0x00000000800064c2       0x98 lib/lvgl(lv_obj_draw.c.obj)
                0x00000000800064c2                lv_obj_init_draw_arc_dsc
 .text.lv_obj_calculate_ext_draw_size
                0x000000008000655a       0xce lib/lvgl(lv_obj_draw.c.obj)
                0x000000008000655a                lv_obj_calculate_ext_draw_size
 .text.lv_obj_draw_dsc_init
                0x0000000080006628       0x10 lib/lvgl(lv_obj_draw.c.obj)
                0x0000000080006628                lv_obj_draw_dsc_init
 .text._lv_obj_get_ext_draw_size
                0x0000000080006638        0xa lib/lvgl(lv_obj_draw.c.obj)
                0x0000000080006638                _lv_obj_get_ext_draw_size
 .text.lv_obj_refresh_ext_draw_size
                0x0000000080006642       0x5a lib/lvgl(lv_obj_draw.c.obj)
                0x0000000080006642                lv_obj_refresh_ext_draw_size
 .text._lv_obj_get_layer_type
                0x000000008000669c        0xa lib/lvgl(lv_obj_draw.c.obj)
                0x000000008000669c                _lv_obj_get_layer_type
 .text.lv_obj_get_style_base_dir.constprop.0
                0x00000000800066a6        0xe lib/lvgl(lv_obj_pos.c.obj)
 .text.lv_obj_get_style_border_width.constprop.0
                0x00000000800066b4        0xe lib/lvgl(lv_obj_pos.c.obj)
 .text.lv_obj_get_style_pad_right.constprop.0
                0x00000000800066c2        0xe lib/lvgl(lv_obj_pos.c.obj)
 .text.lv_obj_get_style_pad_left.constprop.0
                0x00000000800066d0        0xe lib/lvgl(lv_obj_pos.c.obj)
 .text.lv_obj_get_style_pad_bottom.constprop.0
                0x00000000800066de        0xe lib/lvgl(lv_obj_pos.c.obj)
 .text.lv_obj_get_style_pad_top.constprop.0
                0x00000000800066ec        0xe lib/lvgl(lv_obj_pos.c.obj)
 .text.transform_point
                0x00000000800066fa      0x102 lib/lvgl(lv_obj_pos.c.obj)
 .text.lv_obj_set_x
                0x00000000800067fc       0x2e lib/lvgl(lv_obj_pos.c.obj)
                0x00000000800067fc                lv_obj_set_x
 .text.lv_obj_set_y
                0x000000008000682a       0x2e lib/lvgl(lv_obj_pos.c.obj)
                0x000000008000682a                lv_obj_set_y
 .text.lv_obj_set_pos
                0x0000000080006858       0x16 lib/lvgl(lv_obj_pos.c.obj)
                0x0000000080006858                lv_obj_set_pos
 .text.lv_obj_set_width
                0x000000008000686e       0x2e lib/lvgl(lv_obj_pos.c.obj)
                0x000000008000686e                lv_obj_set_width
 .text.lv_obj_set_height
                0x000000008000689c       0x2e lib/lvgl(lv_obj_pos.c.obj)
                0x000000008000689c                lv_obj_set_height
 .text.lv_obj_set_size
                0x00000000800068ca       0x16 lib/lvgl(lv_obj_pos.c.obj)
                0x00000000800068ca                lv_obj_set_size
 .text.lv_obj_is_layout_positioned
                0x00000000800068e0       0x34 lib/lvgl(lv_obj_pos.c.obj)
                0x00000000800068e0                lv_obj_is_layout_positioned
 .text.lv_obj_mark_layout_as_dirty
                0x0000000080006914       0x30 lib/lvgl(lv_obj_pos.c.obj)
                0x0000000080006914                lv_obj_mark_layout_as_dirty
 .text.lv_obj_set_layout
                0x0000000080006944       0x16 lib/lvgl(lv_obj_pos.c.obj)
                0x0000000080006944                lv_obj_set_layout
 *fill*         0x000000008000695a        0x2 
 .text.lv_layout_register
                0x000000008000695c       0x3c lib/lvgl(lv_obj_pos.c.obj)
                0x000000008000695c                lv_layout_register
 .text.lv_obj_align
                0x0000000080006998       0x1c lib/lvgl(lv_obj_pos.c.obj)
                0x0000000080006998                lv_obj_align
 .text.lv_obj_get_coords
                0x00000000800069b4       0x1a lib/lvgl(lv_obj_pos.c.obj)
                0x00000000800069b4                lv_obj_get_coords
 .text.lv_obj_get_x
                0x00000000800069ce       0x38 lib/lvgl(lv_obj_pos.c.obj)
                0x00000000800069ce                lv_obj_get_x
 .text.lv_obj_get_y
                0x0000000080006a06       0x38 lib/lvgl(lv_obj_pos.c.obj)
                0x0000000080006a06                lv_obj_get_y
 .text.lv_obj_get_y2
                0x0000000080006a3e       0x16 lib/lvgl(lv_obj_pos.c.obj)
                0x0000000080006a3e                lv_obj_get_y2
 .text.lv_obj_get_width
                0x0000000080006a54        0xc lib/lvgl(lv_obj_pos.c.obj)
                0x0000000080006a54                lv_obj_get_width
 .text.lv_obj_get_height
                0x0000000080006a60        0xc lib/lvgl(lv_obj_pos.c.obj)
                0x0000000080006a60                lv_obj_get_height
 .text.lv_obj_get_content_width
                0x0000000080006a6c       0x2c lib/lvgl(lv_obj_pos.c.obj)
                0x0000000080006a6c                lv_obj_get_content_width
 .text.lv_obj_get_content_height
                0x0000000080006a98       0x2c lib/lvgl(lv_obj_pos.c.obj)
                0x0000000080006a98                lv_obj_get_content_height
 .text.lv_obj_get_content_coords
                0x0000000080006ac4       0x60 lib/lvgl(lv_obj_pos.c.obj)
                0x0000000080006ac4                lv_obj_get_content_coords
 .text.lv_obj_get_self_width
                0x0000000080006b24       0x22 lib/lvgl(lv_obj_pos.c.obj)
                0x0000000080006b24                lv_obj_get_self_width
 .text.lv_obj_get_self_height
                0x0000000080006b46       0x22 lib/lvgl(lv_obj_pos.c.obj)
                0x0000000080006b46                lv_obj_get_self_height
 .text.lv_obj_refresh_self_size
                0x0000000080006b68       0x34 lib/lvgl(lv_obj_pos.c.obj)
                0x0000000080006b68                lv_obj_refresh_self_size
 .text.lv_obj_move_children_by
                0x0000000080006b9c       0x6c lib/lvgl(lv_obj_pos.c.obj)
                0x0000000080006b9c                lv_obj_move_children_by
 .text.lv_obj_transform_point
                0x0000000080006c08       0x5c lib/lvgl(lv_obj_pos.c.obj)
                0x0000000080006c08                lv_obj_transform_point
 .text.lv_obj_get_transformed_area
                0x0000000080006c64       0xe8 lib/lvgl(lv_obj_pos.c.obj)
                0x0000000080006c64                lv_obj_get_transformed_area
 .text.lv_obj_area_is_visible
                0x0000000080006d4c       0xf2 lib/lvgl(lv_obj_pos.c.obj)
                0x0000000080006d4c                lv_obj_area_is_visible
 .text.lv_obj_invalidate_area
                0x0000000080006e3e       0x42 lib/lvgl(lv_obj_pos.c.obj)
                0x0000000080006e3e                lv_obj_invalidate_area
 .text.lv_obj_invalidate
                0x0000000080006e80       0x3c lib/lvgl(lv_obj_pos.c.obj)
                0x0000000080006e80                lv_obj_invalidate
 .text.lv_obj_move_to
                0x0000000080006ebc      0x132 lib/lvgl(lv_obj_pos.c.obj)
                0x0000000080006ebc                lv_obj_move_to
 *fill*         0x0000000080006fee        0x2 
 .text.lv_obj_refr_pos
                0x0000000080006ff0      0x270 lib/lvgl(lv_obj_pos.c.obj)
                0x0000000080006ff0                lv_obj_refr_pos
 .text.lv_obj_is_visible
                0x0000000080007260       0x3c lib/lvgl(lv_obj_pos.c.obj)
                0x0000000080007260                lv_obj_is_visible
 .text.lv_obj_set_ext_click_area
                0x000000008000729c       0x10 lib/lvgl(lv_obj_pos.c.obj)
                0x000000008000729c                lv_obj_set_ext_click_area
 .text.lv_obj_get_click_area
                0x00000000800072ac       0x32 lib/lvgl(lv_obj_pos.c.obj)
                0x00000000800072ac                lv_obj_get_click_area
 .text.lv_clamp_width
                0x00000000800072de       0x64 lib/lvgl(lv_obj_pos.c.obj)
                0x00000000800072de                lv_clamp_width
 *fill*         0x0000000080007342        0x2 
 .text.lv_obj_refr_size
                0x0000000080007344      0x55c lib/lvgl(lv_obj_pos.c.obj)
                0x0000000080007344                lv_obj_refr_size
 .text.layout_update_core
                0x00000000800078a0       0x7c lib/lvgl(lv_obj_pos.c.obj)
 .text.lv_obj_update_layout
                0x000000008000791c       0x34 lib/lvgl(lv_obj_pos.c.obj)
                0x000000008000791c                lv_obj_update_layout
 .text.lv_obj_align_to
                0x0000000080007950      0x3a4 lib/lvgl(lv_obj_pos.c.obj)
                0x0000000080007950                lv_obj_align_to
 .text.lv_obj_get_style_base_dir
                0x0000000080007cf4        0xc lib/lvgl(lv_obj_scroll.c.obj)
 .text.scroll_anim_ready_cb
                0x0000000080007d00        0xa lib/lvgl(lv_obj_scroll.c.obj)
 .text.lv_obj_set_scrollbar_mode
                0x0000000080007d0a       0x28 lib/lvgl(lv_obj_scroll.c.obj)
                0x0000000080007d0a                lv_obj_set_scrollbar_mode
 .text.lv_obj_set_scroll_dir
                0x0000000080007d32       0x1e lib/lvgl(lv_obj_scroll.c.obj)
                0x0000000080007d32                lv_obj_set_scroll_dir
 .text.lv_obj_set_scroll_snap_x
                0x0000000080007d50       0x16 lib/lvgl(lv_obj_scroll.c.obj)
                0x0000000080007d50                lv_obj_set_scroll_snap_x
 .text.lv_obj_set_scroll_snap_y
                0x0000000080007d66       0x16 lib/lvgl(lv_obj_scroll.c.obj)
                0x0000000080007d66                lv_obj_set_scroll_snap_y
 .text.lv_obj_get_scrollbar_mode
                0x0000000080007d7c       0x10 lib/lvgl(lv_obj_scroll.c.obj)
                0x0000000080007d7c                lv_obj_get_scrollbar_mode
 .text.lv_obj_get_scroll_dir
                0x0000000080007d8c       0x10 lib/lvgl(lv_obj_scroll.c.obj)
                0x0000000080007d8c                lv_obj_get_scroll_dir
 .text.lv_obj_get_scroll_snap_x
                0x0000000080007d9c        0xc lib/lvgl(lv_obj_scroll.c.obj)
                0x0000000080007d9c                lv_obj_get_scroll_snap_x
 .text.lv_obj_get_scroll_snap_y
                0x0000000080007da8        0xc lib/lvgl(lv_obj_scroll.c.obj)
                0x0000000080007da8                lv_obj_get_scroll_snap_y
 .text.lv_obj_get_scroll_x
                0x0000000080007db4        0xc lib/lvgl(lv_obj_scroll.c.obj)
                0x0000000080007db4                lv_obj_get_scroll_x